('the', 1766)
('--------------------', 1311)
('to', 982)
('a', 828)
('and', 825)
('of', 711)
('is', 549)
('in', 496)
('i', 466)
('that', 399)
('you', 374)
('for', 354)
('it', 332)
('they', 325)
('on', 320)
('this', 307)
('are', 263)
('be', 232)
('not', 230)
('but', 223)
('have', 199)
('with', 191)
('was', 185)
('as', 179)
('if', 179)
('like', 165)
("it's", 151)
('or', 145)
('what', 144)
('their', 143)
('about', 141)
('from', 141)
('just', 141)
('so', 138)
('at', 134)
('all', 132)
('can', 127)
('we', 124)
('by', 117)
('when', 111)
('people', 107)
('has', 107)
('one', 107)
('my', 105)
('them', 100)
('government', 100)
('because', 100)
('an', 100)
('do', 98)
('get', 96)
('your', 94)
('will', 94)
('up', 93)
('who', 86)
('good', 82)
('would', 82)
('how', 81)
('no', 81)
('out', 80)
("don't", 80)
('media', 79)
('me', 79)
('more', 78)
('think', 78)
('been', 77)
('there', 75)
('some', 75)
('murdoch', 74)
('our', 73)
('were', 72)
('australian', 69)
('-', 69)
('he', 68)
('than', 67)
('any', 67)
('police', 67)
('being', 67)
('his', 65)
('see', 62)
("i'm", 62)
('even', 60)
('only', 59)
('these', 59)
('over', 57)
('had', 57)
('strip', 57)
('it.', 56)
('which', 56)
('now', 55)
('know', 55)
('should', 55)
("they're", 52)
('going', 51)
('then', 49)
('make', 48)
('news', 47)
('us', 47)
('also', 47)
('every', 47)
('time', 47)
('search', 46)
('why', 45)
("that's", 44)
('never', 44)
('>', 44)
("you're", 44)
('other', 43)
('fuck', 42)
('its', 42)
('where', 42)
("can't", 42)
('want', 41)
('really', 41)
('someone', 40)
('right', 39)
('most', 39)
('does', 39)
('same', 38)
('public', 36)
('off', 36)
('abc', 36)
('still', 36)
('need', 36)
('find', 36)
('got', 35)
('great', 35)
('too', 34)
('into', 34)
('money', 34)
('down', 34)
("there's", 34)
('pretty', 34)
('could', 33)
('go', 33)
('something', 33)
('after', 33)
('power', 32)
('those', 32)
('own', 32)
('much', 32)
('actually', 32)
("doesn't", 32)
('did', 31)
('australia', 31)
('ever', 31)
('shit', 31)
('take', 30)
('well', 30)
('better', 30)
('back', 29)
('wage', 29)
('liberal', 28)
('against', 28)
('dutton', 28)
('under', 28)
('years', 27)
('it’s', 27)
('sure', 27)
('bad', 27)
('aussie', 27)
('few', 26)
('journalists', 26)
('said', 26)
('made', 26)
('mean', 26)
('last', 26)
('nothing', 26)
('best', 26)
('lot', 26)
('two', 26)
('fucking', 25)
('many', 25)
('thing', 25)
('things', 25)
('new', 25)
('say', 25)
('hard', 25)
('person', 24)
('freedom', 24)
('doing', 24)
('point', 24)
('around', 24)
("isn't", 24)
('tv', 24)
('laws', 23)
('labor', 23)
('way', 23)
('long', 23)
('free', 23)
('work', 23)
('political', 23)
('both', 23)
('this.', 23)
('everyone', 23)
('party', 23)
('feel', 23)
('growth', 23)
('while', 22)
('part', 22)
('state', 22)
('first', 22)
('here', 22)
('use', 22)
('believe', 22)
('put', 21)
('support', 21)
('change', 21)
('very', 21)
('tell', 21)
('love', 21)
('always', 20)
('makes', 20)
('country', 20)
('read', 20)
("i've", 20)
('another', 20)
('before', 20)
('dogs', 20)
('it,', 19)
("didn't", 19)
('little', 19)
('press', 19)
("i'll", 19)
('home', 19)
('must', 19)
('.', 19)
('probably', 19)
('pay', 19)
('them.', 19)
('less', 19)
('bit', 19)
('she', 19)
('year', 18)
('tax', 18)
('enough', 18)
('stand', 18)
('though.', 18)
('current', 18)
("i'd", 18)
('don’t', 17)
('watch', 17)
('stop', 17)
('anyone', 17)
('having', 17)
('too.', 17)
('look', 17)
('high', 17)
('old', 17)
('try', 17)
('msm', 17)
('told', 17)
('without', 17)
('whole', 17)
('dog', 17)
('series', 17)
('might', 17)
('drugs', 17)
('sexual', 17)
('searches', 17)
('front', 16)
('show', 16)
("what's", 16)
('done', 16)
('getting', 16)
('papers', 16)
('big', 16)
('morrison', 16)
('here.', 16)
('keep', 16)
('trying', 16)
('that.', 16)
('least', 16)
('used', 16)
('law', 16)
('job', 16)
('drug', 16)
('nsw', 16)
('force', 16)
('paper', 15)
('truth', 15)
('let', 15)
('needs', 15)
('talking', 15)
('hear', 15)
("he's", 15)
('anything', 15)
('come', 15)
('please', 15)
('cop', 15)
('cops', 15)
('am', 14)
('kind', 14)
("we're", 14)
('rather', 14)
('corp', 14)
('government.', 14)
('thought', 14)
('rights', 14)
('fairfax', 14)
('yeah,', 14)
('play', 14)
('yeah', 14)
('reason', 14)
('fucked', 14)
('help', 14)
('asked', 14)
('economic', 14)
('allowed', 14)
('able', 14)
('movie', 14)
('time.', 14)
('wages', 14)
('past', 13)
('looks', 13)
('went', 13)
('report', 13)
('shows', 13)
('lnp', 13)
('bullshit', 13)
('thanks', 13)
('seems', 13)
("aren't", 13)
('general', 13)
('may', 13)
('since', 13)
('liberals', 13)
('away', 13)
('paying', 13)
('give', 13)
('yet', 13)
('means', 13)
('her', 13)
('based', 13)
('call', 13)
('good.', 13)
('netflix', 13)
('called', 13)
('assault', 13)
('page', 12)
('oh', 12)
('democracy', 12)
('hate', 12)
('watching', 12)
('life', 12)
('between', 12)
('case', 12)
('australia.', 12)
('far', 12)
('absolutely', 12)
('giving', 12)
('such', 12)
('though', 12)
('i’m', 12)
('him', 12)
('check', 12)
('edit:', 12)
('through', 12)
('end', 12)
('affairs', 12)
('wonder', 12)
('utopia', 12)
('young', 12)
('economy', 12)
('else', 11)
('keeping', 11)
('towards', 11)
('maybe', 11)
('up.', 11)
('day', 11)
('years.', 11)
('line', 11)
('paid', 11)
('agree', 11)
('major', 11)
('campaign', 11)
('almost', 11)
('hell', 11)
('completely', 11)
('federal', 11)
('spent', 11)
('basically', 11)
('mention', 11)
('already', 11)
('sounds', 11)
('record', 11)
('happen', 11)
('immigration', 11)
('there.', 11)
('it?', 11)
('corporate', 11)
('civil', 11)
('looked', 11)
('family', 10)
('everything', 10)
('comes', 10)
('war', 10)
('head', 10)
('literally', 10)
('out.', 10)
('journalism', 10)
('climate', 10)
('making', 10)
('started', 10)
('&', 10)
('wants', 10)
('...', 10)
('happens', 10)
('gets', 10)
('yes,', 10)
('either', 10)
('lol', 10)
('they’re', 10)
('ones', 10)
('remember', 10)
('recently', 10)
('private', 10)
('definitely', 10)
('real', 10)
('mainstream', 10)
('word', 10)
('massive', 10)
('problem', 10)
('saying', 10)
('different', 10)
('wrong', 10)
('sexually', 10)
('now.', 9)
('world', 9)
('/s', 9)
('libs', 9)
('quality', 9)
("won't", 9)
("haven't", 9)
('didn’t', 9)
('reddit', 9)
('fight', 9)
("they'll", 9)
('guy', 9)
('stories', 9)
('until', 9)
('australians', 9)
('entire', 9)
('middle', 9)
('issue', 9)
('wanted', 9)
('social', 9)
('local', 9)
('afp', 9)
('running', 9)
('create', 9)
('sell', 9)
('realise', 9)
('during', 9)
('level', 9)
('hand', 9)
('saw', 9)
('looking', 9)
('interest', 9)
('found', 9)
('working', 9)
('fine', 9)
('yes', 9)
('number', 9)
('nine', 9)
('guess', 9)
('wrong.', 9)
('quite', 9)
('likely', 9)
('low', 9)
('once', 9)
('close', 9)
('single', 9)
('service', 9)
('jobs', 9)
('living', 9)
('often', 9)
('gonna', 9)
('face', 9)
('times', 9)
('netflix.', 9)
('american', 9)
('film', 9)
('worth', 9)
('season', 9)
('each', 9)
('protect', 9)
('rates', 9)
('market', 9)
('personal', 9)
('cavity', 9)
('body', 9)
('rest', 8)
('hypocrisy', 8)
('governments', 8)
('politicians', 8)
("shouldn't", 8)
('20', 8)
('instead', 8)
('peter', 8)
('you.', 8)
('full', 8)
('national', 8)
("wouldn't", 8)
('heard', 8)
('journalist', 8)
('side', 8)
('huge', 8)
('isn’t', 8)
('majority', 8)
('yes.', 8)
('man', 8)
('lost', 8)
('hands', 8)
('risk', 8)
('despite', 8)
('standard', 8)
('politics', 8)
("they've", 8)
('that’s', 8)
('coalition', 8)
('higher', 8)
('me.', 8)
('stupid', 8)
('telling', 8)
('fact', 8)
('leave', 8)
('actual', 8)
('start', 8)
('debt', 8)
('three', 8)
('chance', 8)
('meant', 8)
('miss', 8)
('department', 8)
('place', 8)
('spend', 8)
('mentioned', 8)
('matter', 8)
('rate', 8)
('run', 8)
('review', 8)
('million', 8)
('took', 8)
('movies', 8)
('favourite', 8)
('industry', 8)
('especially', 8)
('crime', 8)
('funny', 8)
('nice', 8)
('says', 8)
('next', 8)
('move', 8)
('sniffer', 8)
('citizens', 8)
('care', 7)
('west', 7)
('fear', 7)
('given', 7)
('>the', 7)
('came', 7)
('fat', 7)
('rupert', 7)
('taking', 7)
('censorship', 7)
('themselves', 7)
('reads', 7)
('simply', 7)
('left', 7)
('this,', 7)
('country.', 7)
('2', 7)
('longer', 7)
('system', 7)
('coming', 7)
('worse', 7)
('lack', 7)
('picture', 7)
('message', 7)
('point.', 7)
('stuff', 7)
('is.', 7)
('media.', 7)
('murdoch.', 7)
('reality', 7)
('so,', 7)
('certainly', 7)
('cunt', 7)
('upon', 7)
('you’re', 7)
('corruption', 7)
('main', 7)
('across', 7)
('standing', 7)
('involved', 7)
('fair', 7)
('true', 7)
('goes', 7)
('prison', 7)
('3', 7)
('known', 7)
('sydney', 7)
('biased', 7)
('workers', 7)
('spending', 7)
('six', 7)
('spin', 7)
('disgusting', 7)
('people.', 7)
('continue', 7)
('false', 7)
('week', 7)
('happened', 7)
('drop', 7)
('amount', 7)
('no,', 7)
("you'll", 7)
('supported', 7)
('not.', 7)
('rich', 7)
('asking', 7)
('them?', 7)
('opinion', 7)
('happening', 7)
(':)', 7)
('straight', 7)
('question', 7)
('"the', 7)
("you'd", 7)
('whether', 7)
('idea', 7)
('version', 7)
('comedy', 7)
('show.', 7)
('watched', 7)
('south', 7)
('set', 7)
('kath', 7)
('black', 7)
('david', 7)
('apparently', 7)
('alone', 7)
('serious', 7)
('you?', 7)
('behind', 7)
('surplus', 7)
('searched', 7)
('willing', 7)
('squat', 7)
('course', 7)
('girl', 7)
('forecast', 7)
('labour', 7)
('hope', 6)
('pretend', 6)
('things.', 6)
('men', 6)
('photo', 6)
('various', 6)
('corrupt', 6)
('easy', 6)
('power.', 6)
('this?', 6)
('surely', 6)
('demand', 6)
('to.', 6)
('newspapers', 6)
('trade', 6)
('time,', 6)
("dutton's", 6)
('today', 6)
('similar', 6)
('episode', 6)
('bunch', 6)
('list', 6)
('stood', 6)
('covering', 6)
('totally', 6)
('guys', 6)
('kill', 6)
('push', 6)
('pushing', 6)
('hit', 6)
('reading', 6)
('well.', 6)
('within', 6)
('enough.', 6)
('attack', 6)
('mean,', 6)
('way,', 6)
('total', 6)
('bullshit.', 6)
('freedoms', 6)
('authoritarian', 6)
('further', 6)
('parties', 6)
('here,', 6)
('bigger', 6)
('abc,', 6)
('issue.', 6)
('using', 6)
('board', 6)
('us.', 6)
('can’t', 6)
('mr', 6)
('information', 6)
('bought', 6)
('seen', 6)
('owned', 6)
('according', 6)
('position', 6)
("wasn't", 6)
('top', 6)
('budget', 6)
('turn', 6)
('late', 6)
('gives', 6)
('buy', 6)
('china', 6)
('outlets', 6)
('wondering', 6)
('questions', 6)
('censorship...', 6)
('brought', 6)
('whatever', 6)
('one.', 6)
('lots', 6)
('works', 6)
('policy', 6)
('right,', 6)
('plenty', 6)
('pick', 6)
('keeps', 6)
('company', 6)
('round', 6)
('research', 6)
('corporations', 6)
('sort', 6)
('defend', 6)
('economics', 6)
('university', 6)
("who's", 6)
('second', 6)
('lead', 6)
('honestly', 6)
('critical', 6)
('consent', 6)
('respect', 6)
('sometimes', 6)
('electorate', 6)
('all,', 6)
('seriously', 6)
('howard', 6)
('along', 6)
('aus', 6)
('pizza', 6)
('shift', 6)
('also,', 6)
('original', 6)
('ya', 6)
('music', 6)
('"i', 6)
('ask', 6)
('obviously', 6)
("they'd", 6)
('talk', 6)
('florida', 6)
('shoe', 6)
('rba', 6)
('posted', 6)
('children', 6)
('=', 6)
('yourself', 6)
('&#x200b;', 6)
('unless', 6)
('short', 6)
('said.', 6)
('rape', 6)
('cough', 6)
('order', 6)
('festival', 6)
('officer', 6)
('exactly', 6)
('understand', 6)
('effect', 6)
('source:', 6)
('guardian', 6)
('skilled', 6)
('god', 5)
('western', 5)
('society', 5)
('become', 5)
('tied', 5)
('kinda', 5)
('shit.', 5)
('spy', 5)
('onto', 5)
('way.', 5)
('years,', 5)
('will.', 5)
('stopped', 5)
('buying', 5)
('ad', 5)
('clearly', 5)
('worst', 5)
('individuals', 5)
('owners', 5)
('etc', 5)
('earn', 5)
('them,', 5)
('media,', 5)
('him.', 5)
('information.', 5)
('hilarious', 5)
('security', 5)
('msm.', 5)
('post', 5)
('abuse', 5)
("murdoch's", 5)
('issues', 5)
('response', 5)
('raids', 5)
('themselves.', 5)
('regardless', 5)
('including', 5)
('age', 5)
('dont', 5)
('pm', 5)
('money.', 5)
('cuts', 5)
('culture', 5)
('outlet', 5)
("we've", 5)
('house', 5)
('surprised', 5)
('campaign.', 5)
('standards', 5)
('morning', 5)
('conservative', 5)
('control', 5)
('terrible', 5)
('slowly', 5)
('(and', 5)
('seeing', 5)
('truly', 5)
('area', 5)
('me,', 5)
('yet.', 5)
('legislation', 5)
('generally', 5)
('like.', 5)
('recent', 5)
('herald', 5)
('abc.', 5)
('touch', 5)
('be.', 5)
('elected', 5)
('cut', 5)
('massively', 5)
('months', 5)
('wish', 5)
('turned', 5)
(',', 5)
('period', 5)
('yeah.', 5)
('game', 5)
('due', 5)
('thinking', 5)
('reporting', 5)
('editors', 5)
('super', 5)
('independent', 5)
('seem', 5)
('understanding', 5)
('surprise', 5)
('provide', 5)
('fun', 5)
('hours', 5)
('return', 5)
('prevent', 5)
('above', 5)
('reasonable', 5)
('hold', 5)
('content', 5)
('appreciate', 5)
('individual', 5)
('live', 5)
('class', 5)
('places', 5)
('strong', 5)
('enforcement', 5)
('mad', 5)
('action', 5)
('grounds', 5)
('cash', 5)
('that?', 5)
('work.', 5)
('bastards', 5)
('100%', 5)
('minor', 5)
('business', 5)
('happen.', 5)
('bet', 5)
('chopper', 5)
('castle', 5)
('watch.', 5)
('good,', 5)
('les', 5)
('you,', 5)
('interested', 5)
('shows.', 5)
("australia's", 5)
('happy', 5)
('deals', 5)
('max', 5)
('days', 5)
('extra', 5)
('bluey', 5)
('awesome', 5)
('great.', 5)
('john', 5)
('mate.', 5)
('either.', 5)
('beat', 5)
('remove', 5)
('notice', 5)
('invasive', 5)
("you've", 5)
('gdp', 5)
('four', 5)
('clear', 5)
('highest', 5)
('average', 5)
('victim', 5)
('scott', 5)
('article', 5)
('sources', 5)
('dealing', 5)
('kookaburra', 5)
('thats', 5)
('doors', 5)
('bring', 5)
('16', 5)
('imagine', 5)
('assaulting', 5)
('search.', 5)
('drugs,', 5)
('meeting', 5)
('court', 5)
('assault.', 5)
('illegal', 5)
('officers', 5)
('organisation', 5)
('argue', 5)
('risking', 5)
('"jobs', 5)
('growth"', 5)
('mining', 5)
('assume', 5)
('bubble', 5)
('older', 5)
('dutton.', 5)
('gladys', 5)
('suddenly', 4)
('tyranny', 4)
('in.', 4)
('sign', 4)
('act', 4)
('supporting', 4)
('becoming', 4)
('death', 4)
('estate', 4)
('bastard', 4)
('perfect', 4)
('suck', 4)
('bill', 4)
('govt', 4)
('murdoch?', 4)
('win', 4)
('?', 4)
('broken', 4)
('deserve', 4)
('credit', 4)
('people,', 4)
('supposed', 4)
('roll', 4)
('headline', 4)
('global', 4)
('mass', 4)
('friends', 4)
('government?', 4)
('sorry', 4)
('protest', 4)
('sold', 4)
('australian.', 4)
('currently', 4)
('simple', 4)
('michael', 4)
('today.', 4)
('speech', 4)
('absolute', 4)
('died', 4)
('shitty', 4)
('about?', 4)
('waste', 4)
('considered', 4)
('ridiculous', 4)
('spread', 4)
('via', 4)
('tried', 4)
('lol.', 4)
('press,', 4)
('site', 4)
('union', 4)
('comment', 4)
('negative', 4)
('australian,', 4)
('together', 4)
('limited', 4)
('strategy', 4)
('evil', 4)
('politics.', 4)
('calling', 4)
('beginning', 4)
('receive', 4)
('aim', 4)
('oligarchies', 4)
('biggest', 4)
('now,', 4)
('thing,', 4)
('lock', 4)
('do.', 4)
('starting', 4)
('group', 4)
('becomes', 4)
('fallen', 4)
('eating', 4)
('forget', 4)
('role', 4)
('usual', 4)
('poor', 4)
('greens', 4)
('whistleblowers', 4)
('won’t', 4)
('know.', 4)
('away.', 4)
('afford', 4)
('night', 4)
('scomo', 4)
('gone', 4)
("couldn't", 4)
('same.', 4)
('easily', 4)
('....', 4)
('played', 4)
('drama', 4)
('stay', 4)
('per', 4)
('normally', 4)
('answer', 4)
('press.', 4)
('cannot', 4)
('excuse', 4)
('happening.', 4)
('voted', 4)
('leaked', 4)
('situation', 4)
('detention', 4)
('argument', 4)
('chinese', 4)
('day.', 4)
('owns', 4)
('legal', 4)
('leading', 4)
('radio', 4)
('lies', 4)
('$500', 4)
('positive', 4)
('voting', 4)
('anything.', 4)
('regulated', 4)
('journos', 4)
('missed', 4)
('story', 4)
('all.', 4)
('perhaps', 4)
('certain', 4)
('murdoch,', 4)
('playing', 4)
('amounts', 4)
('allow', 4)
('broadcast', 4)
('large', 4)
('politically', 4)
('mob', 4)
('fairly', 4)
('nor', 4)
('(which', 4)
('sound', 4)
('honour,', 4)
('others', 4)
('otherwise', 4)
('except', 4)
('trust', 4)
('does.', 4)
('laissez', 4)
('faire', 4)
('approach', 4)
('right.', 4)
('sense', 4)
('mind', 4)
('break', 4)
('difference', 4)
('enjoy', 4)
('shill', 4)
('present', 4)
('source', 4)
('views', 4)
('i’d', 4)
('labor.', 4)
('parts', 4)
('considering', 4)
('somehow', 4)
('letting', 4)
('property', 4)
('accurately', 4)
('claim', 4)
('evidence', 4)
('policies', 4)
('name', 4)
('secret', 4)
('ok.', 4)
('burn', 4)
('vote', 4)
('russell', 4)
('production', 4)
('inbetween', 4)
('netflix,', 4)
('vpn', 4)
('iview', 4)
('caused', 4)
('twist', 4)
('farscape', 4)
('upper', 4)
('films', 4)
('amazing', 4)
('international', 4)
('swift', 4)
('boy', 4)
('team', 4)
('wilfred', 4)
('ago', 4)
('mostly', 4)
('kim', 4)
('fantastic', 4)
('it!', 4)
('adding', 4)
('classic', 4)
('voice', 4)
('small', 4)
('available', 4)
('claims', 4)
('streaming', 4)
('services', 4)
('whilst', 4)
('worked', 4)
('cry', 4)
('thanks!', 4)
('visit', 4)
('edition', 4)
('office', 4)
('acceptable', 4)
('nick', 4)
('facts', 4)
('catch', 4)
('whenever', 4)
('thing.', 4)
('...and', 4)
('miami', 4)
('train', 4)
('fact,', 4)
('gators', 4)
('deep', 4)
('population', 4)
('so...', 4)
('everyone.', 4)
('corruption,', 4)
('again', 4)
('links', 4)
('future', 4)
('prices', 4)
('analysis', 4)
('compared', 4)
('mate,', 4)
('beautiful', 4)
('"don\'t', 4)
('clothes', 4)
("morrison's", 4)
('aside', 4)
('economy.', 4)
('wait', 4)
('choose', 4)
('wealth', 4)
('stimulus', 4)
('fossil', 4)
('blatantly', 4)
('ignore', 4)
('shopping', 4)
('tear', 4)
('important', 4)
('stripped', 4)
('situation.', 4)
('woman', 4)
('internal', 4)
('measure', 4)
('urgent', 4)
('pat', 4)
('examination', 4)
("person's", 4)
('possession', 4)
('search,', 4)
('naked', 4)
('minor.', 4)
('underwear', 4)
('forcing', 4)
('that,', 4)
('five', 4)
('follow', 4)
('legally', 4)
('10', 4)
('boss', 4)
("let's", 4)
('honest.', 4)
('forecasts', 4)
('taken', 4)
('wages,', 4)
('below', 4)
('unemployment', 4)
('housing', 4)
('increases', 4)
('growth,', 4)
('migration', 4)
('conditions', 4)
('favour', 4)
('shitting', 4)
('water', 4)
('censored', 4)
('censorship.', 4)
('misinformation', 4)
('tomorrow', 3)
('complaining', 3)
('rupert,', 3)
('campaigned', 3)
('install', 3)
('trending', 3)
('scared', 3)
('liberalism', 3)
('newscorp', 3)
('explain', 3)
('wing', 3)
('government,', 3)
('fairfax,', 3)
('newscorpse', 3)
('party.', 3)
('sympathy', 3)
('trend', 3)
('sow', 3)
('state,', 3)
('nothing,', 3)
('afraid', 3)
('mystery', 3)
('attacked', 3)
('kids', 3)
('ironic', 3)
('showing', 3)
('empires', 3)
('helps', 3)
('audacity', 3)
('cunts', 3)
('boomer', 3)
('vile', 3)
('bludgers', 3)
('dutton,', 3)
('speak', 3)
('comments', 3)
('write', 3)
('up?', 3)
('care.', 3)
('newspaper', 3)
('cost', 3)
('wow.', 3)
('right-wing', 3)
('hacks', 3)
('goal', 3)
('starts', 3)
('hide', 3)
("where's", 3)
('outside', 3)
('east', 3)
('hong', 3)
('nursing', 3)
('speech.', 3)
('published', 3)
('missing', 3)
('australia?', 3)
('grew', 3)
('cover', 3)
('up,', 3)
('threat', 3)
('complain', 3)
('baby', 3)
('reveal', 3)
('beyond', 3)
('law.', 3)
('channel', 3)
('stuff,', 3)
('turning', 3)
('plan', 3)
('zealand', 3)
('significant', 3)
('raided', 3)
('methods', 3)
('well,', 3)
('hidden', 3)
('coverage.', 3)
('foreign', 3)
('media?', 3)
('bloody', 3)
('ignorant', 3)
('card', 3)
('cycle', 3)
('leads', 3)
('austerity', 3)
('secrecy', 3)
('gotten', 3)
('page.', 3)
('ended', 3)
('something.', 3)
('complex', 3)
('times.', 3)
('photoshop', 3)
('corruption.', 3)
('jesus', 3)
('printing', 3)
('street', 3)
('mates.', 3)
('carrying', 3)
('finally', 3)
("we'll", 3)
('lnp.', 3)
('"national', 3)
('security"', 3)
('year.', 3)
('oz', 3)
('size', 3)
('newspapers.', 3)
('tabloid', 3)
('willingly', 3)
('decades.', 3)
('decades', 3)
('there’s', 3)
('you’ve', 3)
('empire', 3)
('overseas', 3)
('he’s', 3)
('side.', 3)
('em', 3)
('case.', 3)
('ago.', 3)
('breaks', 3)
('spreading', 3)
('gun', 3)
('abbott', 3)
('shits', 3)
('power,', 3)
('unfortunately', 3)
('constantly', 3)
('newscorp.', 3)
('true.', 3)
('personally', 3)
('values', 3)
('speaking', 3)
('protestors', 3)
('what’s', 3)
('chris', 3)
('impact', 3)
('treatment', 3)
('kick', 3)
('work...', 3)
('yours,', 3)
('aware', 3)
('mate', 3)
('really?', 3)
('sun', 3)
('accepting', 3)
('americans', 3)
('businesses', 3)
('reference', 3)
('no.', 3)
('substitute', 3)
('soon', 3)
("weren't", 3)
('ownership', 3)
('allowing', 3)
('solidarity', 3)
('focusing', 3)
('topics', 3)
('routinely', 3)
('news,', 3)
('education', 3)
('strike', 3)
('2013?', 3)
('metadata', 3)
('eat', 3)
('are.', 3)
('highly', 3)
('originally', 3)
('protection', 3)
('image', 3)
('bush', 3)
('loyal', 3)
('dumb', 3)
('etc.', 3)
('have,', 3)
('lords', 3)
('services.', 3)
('replace', 3)
('held', 3)
('regulation', 3)
('ah', 3)
('damn', 3)
('narrative', 3)
('tries', 3)
('lazy', 3)
('proper', 3)
('includes', 3)
('anymore', 3)
('friendlyjordies', 3)
('changed', 3)
('trump', 3)
('australians.', 3)
('united', 3)
('account', 3)
('zero', 3)
('insane.', 3)
('bloggers', 3)
('rent', 3)
('warning', 3)
('work,', 3)
('skills', 3)
('coalition.', 3)
('fiscal', 3)
('moral', 3)
('hanson', 3)
('named', 3)
('dare', 3)
('mess', 3)
('x', 3)
('harder', 3)
('agree.', 3)
('count', 3)
('talks', 3)
('access', 3)
('liberalism,', 3)
('emphasis', 3)
('modern', 3)
('out,', 3)
('throwing', 3)
('discussion', 3)
('officials', 3)
('$7m', 3)
('strategic', 3)
('basic', 3)
('dead', 3)
('estimates', 3)
('warrant', 3)
('it"', 3)
('barnaby', 3)
('$7', 3)
('nothing.', 3)
('buggers', 3)
('eventually', 3)
('send', 3)
('prison.', 3)
('occur', 3)
('recall', 3)
('corruption?', 3)
('point,', 3)
('traffic', 3)
('fine.', 3)
('au', 3)
('charge', 3)
('lotto', 3)
('behalf', 3)
('illegal.', 3)
('minister', 3)
('invested', 3)
('rake', 3)
('melbourne.', 3)
('jack', 3)
('irish', 3)
('half', 3)
('rosehaven', 3)
('awesome.', 3)
('third', 3)
('danger', 3)
('bogan', 3)
('ghosts', 3)
('falafel', 3)
('too,', 3)
('recommend', 3)
('reasons', 3)
('extremely', 3)
('states', 3)
('shot', 3)
('road', 3)
('im', 3)
('character', 3)
('underbelly', 3)
('housos', 3)
('crew', 3)
('internationally', 3)
('throw', 3)
('frontline', 3)
('documentary', 3)
('animal', 3)
('kingdom', 3)
('affair', 3)
('collection', 3)
('glad', 3)
('stuff.', 3)
('was...', 3)
('growing', 3)
('brisbane', 3)
('blue', 3)
('heights', 3)
('aboriginal', 3)
('bay', 3)
('teen', 3)
('loved', 3)
('summer', 3)
('piece', 3)
('80s', 3)
('criminal', 3)
('gap', 3)
('proof', 3)
('final', 3)
('lawyer', 3)
('dad', 3)
('dangerous', 3)
('one,', 3)
('walk', 3)
("how's", 3)
('throughout', 3)
('reason.', 3)
('targets', 3)
('dramas', 3)
('heavy', 3)
('scroll', 3)
('again,', 3)
('acting', 3)
('gotta', 3)
('mates', 3)
('income', 3)
("world's", 3)
('rid', 3)
('itself', 3)
('[the', 3)
('audio', 3)
('reckon', 3)
('suffer', 3)
('written', 3)
('we’re', 3)
('weird', 3)
('case,', 3)
('understand.', 3)
('til', 3)
('website', 3)
('food', 3)
('latest', 3)
('there,', 3)
('beach', 3)
('cool', 3)
('though,', 3)
('incredibly', 3)
('reputation', 3)
('explaining', 3)
('pool', 3)
('1989', 3)
("labor's", 3)
('state.', 3)
('coal', 3)
('1981', 3)
('laces', 3)
('untied', 3)
('rate.', 3)
('specifically', 3)
('inflation', 3)
('cheeky', 3)
('meat', 3)
('giggle', 3)
('doesn’t', 3)
('changes', 3)
('feeling', 3)
('byron', 3)
('shout', 3)
('obsession', 3)
('justify', 3)
('cutting', 3)
('25', 3)
('putting', 3)
('spends', 3)
('efforts', 3)
('scenario,', 3)
('conservatives', 3)
('knows', 3)
('surplus.', 3)
('remind', 3)
('save', 3)
('policy.', 3)
('weeks', 3)
('fuel', 3)
('month', 3)
('useless', 3)
('memorial', 3)
('canberra', 3)
('fear.', 3)
('offended', 3)
('pfas', 3)
('splendour', 3)
('lobbying', 3)
('snigger', 3)
('inquiry', 3)
('ran', 3)
('(or', 3)
('harm', 3)
('searches.', 3)
('statistics', 3)
('accept', 3)
('shady', 3)
('raise', 3)
('statement', 3)
('is,', 3)
('extreme', 3)
('clothing.', 3)
('and/or', 3)
('removing', 3)
('body.', 3)
('designed', 3)
('use,', 3)
('supply.', 3)
('violate', 3)
('slightest', 3)
('suspicion', 3)
('priorities', 3)
('magistrate', 3)
('acab', 3)
('arguing', 3)
('pigs', 3)
('child', 3)
('complicit', 3)
('joke.', 3)
('quit', 3)
('girls', 3)
('her,', 3)
('result', 3)
('complete', 3)
('squatted', 3)
('trusted', 3)
('disobedience', 3)
('expect', 3)
('event', 3)
('unlawful', 3)
('0', 3)
('shall', 3)
('commit', 3)
('bad.', 3)
('forced', 3)
('decent', 3)
('necessarily', 3)
('inspect', 3)
('refuse', 3)
('arrest', 3)
('borders', 3)
('correct', 3)
('noses', 3)
('contact', 3)
('robodebt', 3)
('unclear', 3)
('conversation', 3)
('helping', 3)
('several', 3)
('carry', 3)
('sick', 3)
('sit', 3)
('dip', 3)
('"keep', 3)
('struggling', 3)
('boom', 3)
('bitch', 3)
('fix', 3)
('cheaper', 3)
('predictions', 3)
('wave', 3)
('crisis', 3)
('optimistic', 3)
('thailand,', 3)
('subsidy', 3)
('regulations', 3)
('leadership', 3)
('on.', 3)
('job.', 3)
('visa', 3)
('public.', 3)
('\\-', 3)
('shortage', 3)
('term', 3)
('better.', 3)
('wages.', 3)
('migrants', 3)
('capital', 3)
('manager', 3)
('field', 3)
('okay', 3)
('guardian,', 3)
('crush', 3)
('secretive', 3)
('raiding', 3)
('forgive', 3)
('cluster', 3)
('openly', 3)
('interests', 3)
("media's", 3)
('strawman', 3)
('party,', 3)
('greater', 3)
('no...', 3)
('clever', 3)
('bias', 3)
('teenager', 3)
('ethically', 3)
('newstart', 3)
('engineers', 3)
('buggery', 3)
('paladin', 3)
('imagining', 2)
('spot', 2)
('losing', 2)
('countries', 2)
('governments.', 2)
('top.', 2)
('encouraged', 2)
('responsible', 2)
('stirring', 2)
('reminder', 2)
('on?', 2)
('usual.', 2)
('parliament.', 2)
('anything,', 2)
('anybody', 2)
("rupert's", 2)
('duty', 2)
('secrets', 2)
('reap', 2)
('problem.', 2)
('fascinating', 2)
('bed', 2)
('lie', 2)
('4th', 2)
('integrity', 2)
('side,', 2)
('swear!', 2)
('ink', 2)
('detect', 2)
('open', 2)
('trans', 2)
('safe', 2)
('society.', 2)
('assange', 2)
('pieces', 2)
('etc)', 2)
('lies?', 2)
('(including', 2)
('blame', 2)
('motivation', 2)
('campaign?', 2)
('listening', 2)
('dishonest', 2)
('papers,', 2)
('joke', 2)
('anyway,', 2)
('one?', 2)
('criminals', 2)
('place.', 2)
('sucks', 2)
('pro', 2)
('effort', 2)
('100', 2)
('requests', 2)
('takes', 2)
('miller', 2)
('haven’t', 2)
('shit?', 2)
('wow', 2)
('whose', 2)
('agenda', 2)
('lying', 2)
('enemy', 2)
('mother', 2)
('first,', 2)
('copy', 2)
('hurt', 2)
('businesses.', 2)
('excellent', 2)
('wake', 2)
('writing', 2)
('op', 2)
('locked', 2)
('size.', 2)
('printed', 2)
('instead.', 2)
('charge.', 2)
('holy', 2)
('press...', 2)
('drama,', 2)
('fascists', 2)
('“if', 2)
('prints', 2)
('disagree', 2)
('listed', 2)
('expectations', 2)
('special.', 2)
('journalists?', 2)
('heads', 2)
('weapons', 2)
('somewhere', 2)
('outback,', 2)
('online', 2)
('aint', 2)
('acm', 2)
('"murdoch', 2)
('exclusively.', 2)
('interference', 2)
('continually', 2)
('existence.', 2)
('direction.', 2)
('charge,', 2)
('paper?', 2)
('waiting', 2)
('limp', 2)
('penis?', 2)
('cripple', 2)
('electing', 2)
('ineffective', 2)
('more,', 2)
('supporters', 2)
('quick', 2)
('"man', 2)
('eaten', 2)
('tomorrow.', 2)
('target', 2)
('decades,', 2)
('deaf', 2)
('authoritarianism', 2)
('offers', 2)
('messages', 2)
('leopards', 2)
('face.', 2)
('mediscare', 2)
('introduce', 2)
('journalism,', 2)
('medical', 2)
('military.', 2)
('sat', 2)
('members', 2)
('contributed', 2)
('wandering', 2)
('wanna', 2)
('attention', 2)
('eroded', 2)
('uncle', 2)
('rupe', 2)
('dies.', 2)
('mile,', 2)
('cunt,', 2)
('type', 2)
('puppets', 2)
('horrible', 2)
('however', 2)
('eye', 2)
('bent', 2)
('destruction', 2)
('cruel', 2)
('scummo', 2)
('led', 2)
('hate.', 2)
('get,', 2)
('points', 2)
('sustained', 2)
('pressure', 2)
('defending', 2)
('liberty,', 2)
('bad!', 2)
('circlejerk', 2)
('although', 2)
('https://www.abc.net.au/news/2019-10-21/media-unites-to-rally-for-press-freedom/11621806', 2)
('public,', 2)
('apply.', 2)
('inkling', 2)
('passed', 2)
('sent', 2)
('lobby', 2)
('know,', 2)
('gov', 2)
('broadsheet', 2)
('s', 2)
('smaller', 2)
('relatively', 2)
('concern', 2)
('publishing', 2)
('yep,', 2)
('earning', 2)
('sense.', 2)
('regulate', 2)
('meaning', 2)
('criticising', 2)
('(the', 2)
('bloke', 2)
('arrested', 2)
('gough', 2)
("whitlam's", 2)
('crimes', 2)
('beneficial', 2)
('opinion.', 2)
('times,', 2)
('guaranteed', 2)
('heavily', 2)
('lies.', 2)
('liberals.', 2)
('cares', 2)
('students', 2)
('bootlicking', 2)
('failing', 2)
('then?', 2)
('rupert:', 2)
('agreed,', 2)
('job,', 2)
('bend', 2)
('benefits', 2)
('whoever', 2)
('setting', 2)
('20%', 2)
('they’ve', 2)
('crack', 2)
('shame', 2)
('flexing', 2)
('member', 2)
('flying', 2)
('interpretation', 2)
('brilliant', 2)
('passes', 2)
('record.', 2)
('laws.', 2)
('extension', 2)
('previous', 2)
('executive', 2)
('worried', 2)
('now?', 2)
('i’ve', 2)
('influence', 2)
('weaponised', 2)
('collapse', 2)
('slap', 2)
('wrist,', 2)
('mandatory', 2)
('whining', 2)
('attention.', 2)
('decides', 2)
('exact', 2)
('australia,', 2)
('vs', 2)
('(i', 2)
('fairfax.', 2)
('softballing', 2)
('effectively', 2)
('built', 2)
('opposite', 2)
('shame?', 2)
('strange', 2)
('supposedly', 2)
('shocked', 2)
('scared.', 2)
('thinks', 2)
('service.', 2)
('section', 2)
('acquired', 2)
('stake', 2)
('bootlicker', 2)
('boots', 2)
('condemn', 2)
('journalists.', 2)
('libertarianism', 2)
('handing', 2)
('world.', 2)
('years?', 2)
('loyalty', 2)
('business.', 2)
('did.', 2)
('off.', 2)
('murdock', 2)
('wanted.', 2)
('no-one', 2)
('phone', 2)
('force.', 2)
('to,', 2)
('crying', 2)
('pretending', 2)
('victim.', 2)
('1975', 2)
('healthcare', 2)
('tertiary', 2)
('happened.', 2)
('ministry', 2)
('journalists,', 2)
('focus', 2)
('12', 2)
('learn', 2)
('seemed', 2)
('9', 2)
('company.', 2)
('rule', 2)
('pass', 2)
('organisations', 2)
('include', 2)
('spectrum', 2)
('hillary', 2)
('slightly', 2)
('somewhat', 2)
('opposition', 2)
('slight', 2)
('nine.', 2)
('uk', 2)
('powerful', 2)
("he'll", 2)
('ground', 2)
('horrific', 2)
('ending', 2)
('basis.', 2)
('jordies', 2)
('sector', 2)
('libertarians', 2)
('weak', 2)
('cold', 2)
('war.', 2)
('agree,', 2)
('"all', 2)
('bullshit,', 2)
('analysis.', 2)
('bad"', 2)
('ads', 2)
('ahead.', 2)
('anger', 2)
('heading', 2)
('"liberal"', 2)
('decisions', 2)
('regards', 2)
('role,', 2)
("'press", 2)
("freedom'", 2)
('news.', 2)
('corpse', 2)
('life.', 2)
('newcorp', 2)
('lowest', 2)
('brow', 2)
('*that*', 2)
('evil.', 2)
('defense', 2)
('secretly', 2)
('reporting.', 2)
('groups', 2)
('*the', 2)
('publications', 2)
('hundreds', 2)
('attending', 2)
('insanely', 2)
('everybody', 2)
('sad', 2)
('legitimate', 2)
('load', 2)
('together.', 2)
('thin', 2)
('choice', 2)
('trustworthy', 2)
('human', 2)
('capitalism', 2)
('equality,', 2)
('labor?', 2)
('fyi', 2)
('decided', 2)
('rural', 2)
('wa', 2)
('signal', 2)
('anyway', 2)
('peoples', 2)
('pays', 2)
('allows', 2)
('kiss', 2)
('medicare', 2)
('eyes', 2)
('women', 2)
('deregulation', 2)
('economics,', 2)
('ideal', 2)
('particularly', 2)
('(this', 2)
('ideology', 2)
('essentially', 2)
('ability', 2)
('clive', 2)
('palmer', 2)
('channels', 2)
('assessment', 2)
('wanting', 2)
('[government', 2)
('think.', 2)
('intentions', 2)
('hell,', 2)
('suspicious', 2)
('random', 2)
('sunset', 2)
('coast', 2)
('marked', 2)
('non-political.', 2)
('topic,', 2)
('devoid', 2)
('material.', 2)
('*i', 2)
('bot,', 2)
('performed', 2)
('automatically.', 2)
('[contact', 2)
('moderators', 2)
('subreddit](/message/compose/?to=/r/australia)', 2)
('concerns.*', 2)
('exist', 2)
('couldn’t', 2)
('foi', 2)
('taxpayers', 2)
('advice', 2)
('survey', 2)
('common', 2)
('but...', 2)
('contractors', 2)
('lnp?', 2)
('scandal', 2)
('fired', 2)
('ate', 2)
('text', 2)
('form,', 2)
('pair', 2)
('import', 2)
('deliver', 2)
('language', 2)
('apparent', 2)
('portfolio', 2)
('heaps', 2)
('themselves?', 2)
('companies', 2)
('admit', 2)
('1800', 2)
('fraud', 2)
('himself', 2)
('decade.', 2)
("it'll", 2)
('texted', 2)
('opposed', 2)
('🤔', 2)
('publicly', 2)
('renewables', 2)
('but,', 2)
('pop', 2)
('reactionary', 2)
('seriously,', 2)
('imo', 2)
('for,', 2)
('charged', 2)
('sending', 2)
('right?', 2)
('greatest', 2)
('critique', 2)
('laugh', 2)
('campaigning', 2)
('jail', 2)
('now!!', 2)
('month.', 2)
('unfortunately.', 2)
('technology.', 2)
('felt', 2)
("y'all", 2)
('enjoying', 2)
('eric', 2)
('breakout', 2)
('sorta', 2)
('cringe', 2)
('laugh.', 2)
('humour', 2)
('detective', 2)
('tourism', 2)
('>after', 2)
('shows,', 2)
('match', 2)
('exceed', 2)
('us/uk/canadian', 2)
('television.', 2)
('movie.', 2)
('heath', 2)
('ledger', 2)
('sisters', 2)
('iview,', 2)
('norton', 2)
('bangkok', 2)
('hilton', 2)
('youtube', 2)
('pity', 2)
('underrated', 2)
('glitch', 2)
('funded', 2)
('twtwb', 2)
('again.', 2)
('katering', 2)
('5', 2)
('wentworth', 2)
('blues', 2)
('air', 2)
('proposition,', 2)
('incident', 2)
('stone', 2)
('sbs', 2)
('community', 2)
('produced', 2)
('2013,', 2)
('cinema', 2)
('"not', 2)
('red', 2)
('impression', 2)
('outback', 2)
('word.', 2)
('pub', 2)
('holds', 2)
('toula', 2)
('(rebel', 2)
('wilson)', 2)
('famous.', 2)
('bubby,', 2)
('(mentioned', 2)
('snowtown', 2)
('available.', 2)
('terrible!', 2)
('bargearse', 2)
('youtube.', 2)
('quickly', 2)
('version.', 2)
('actor', 2)
('plays', 2)
("hasn't", 2)
('checking', 2)
('best.', 2)
('kim.', 2)
('shown', 2)
('guide', 2)
('fighting', 2)
('correctly', 2)
('arrived', 2)
('queen', 2)
('particular', 2)
('remake', 2)
('liking', 2)
('organised', 2)
('disney', 2)
('cartoon', 2)
('parents', 2)
('dogs.', 2)
('wolf', 2)
('gods', 2)
('wheat', 2)
('desert', 2)
('popular', 2)
('lives.', 2)
('funny.', 2)
('coight', 2)
('movie,', 2)
('rain', 2)
('noticed', 2)
('episodes', 2)
('high.', 2)
('show,', 2)
('hates', 2)
('park', 2)
('boys', 2)
('numerous', 2)
('linked', 2)
('underbelly:', 2)
('interesting', 2)
('fantasy', 2)
("gettin'", 2)
('interview', 2)
('bank', 2)
('lake', 2)
('aussies', 2)
('wenham', 2)
('tomorrow,', 2)
('books,', 2)
('plus', 2)
('series,', 2)
('2012', 2)
('book,', 2)
('6', 2)
('couple', 2)
('ever.', 2)
('history.', 2)
('fast', 2)
('possibly', 2)
('hey', 2)
('sci-fi', 2)
('special', 2)
('lord', 2)
('/', 2)
('arsehole', 2)
('hits', 2)
('pedestrian', 2)
('hilarious.', 2)
('expecting', 2)
('topic', 2)
('director', 2)
('satire', 2)
('have.', 2)
('trigger', 2)
('release', 2)
('conspiracy', 2)
('[this', 2)
('upvote', 2)
('proud', 2)
('3rd', 2)
('amazing.', 2)
('poorly', 2)
('vein', 2)
('fall', 2)
('around.', 2)
('books', 2)
('amazing,', 2)
('discovered', 2)
('secure', 2)
('demand.', 2)
('cbc', 2)
('broadcasters.', 2)
('bbc', 2)
('moving', 2)
('end,', 2)
('school', 2)
('bubby.', 2)
('film.', 2)
('folks', 2)
('cultural', 2)
('bit.', 2)
('obvious', 2)
('roy', 2)
('lantana', 2)
('mistake', 2)
('you’ll', 2)
('hot', 2)
('i’ll', 2)
('gothic', 2)
('brown', 2)
('ohh', 2)
('it..', 2)
('fan', 2)
('funding', 2)
('neighbourhood', 2)
('gigs', 2)
("'the", 2)
('heh.', 2)
('fellow', 2)
('sure.', 2)
('vibe', 2)
('consider', 2)
('moment.', 2)
('home.', 2)
(':(', 2)
('filmed', 2)
('results', 2)
('price', 2)
('situations', 2)
('"you', 2)
('camera', 2)
('spell!', 2)
('rock', 2)
('smart.', 2)
('done.', 2)
('1', 2)
('cheers', 2)
('shoot', 2)
('purpose', 2)
('lived', 2)
('killed', 2)
('plans', 2)
('airport', 2)
("it'd", 2)
('swim', 2)
('contrast,', 2)
('batter', 2)
('fry', 2)
('learned', 2)
('utter', 2)
('experienced', 2)
('uses', 2)
('tip', 2)
('seven', 2)
('realize', 2)
('knew', 2)
('pure', 2)
('deal', 2)
('exotic', 2)
('scene', 2)
('stereotypes', 2)
('prime', 2)
('continued', 2)
('september', 2)
('holiday', 2)
('campaigns', 2)
('fun,', 2)
('treasurer', 2)
('1981,', 2)
('14%.', 2)
('hawke', 2)
('keating,', 2)
('recession', 2)
("here's", 2)
('chart', 2)
('proving', 2)
('lie,', 2)
('labor,', 2)
('downvoted', 2)
('keating.', 2)
('reckless', 2)
('spending^^tm', 2)
('possible', 2)
('shoelaces', 2)
('tying', 2)
('economy,', 2)
("government's", 2)
('nah,', 2)
('fault', 2)
('echo', 2)
('competent', 2)
("everyone's", 2)
('ago,', 2)
('promptly', 2)
('referring', 2)
('bond', 2)
('14%', 2)
('prove', 2)
('excuses', 2)
('video', 2)
('pile', 2)
('article.', 2)
('immediately,', 2)
('forum', 2)
('initially', 2)
('18.5%', 2)
('official', 2)
('says.', 2)
('graph', 2)
('link', 2)
('irrelevant', 2)
('facebook', 2)
('stole', 2)
('sausage', 2)
('sits', 2)
('pokemon', 2)
('lano', 2)
('woodley', 2)
('christ', 2)
('me!', 2)
('sassy', 2)
('island', 2)
('killing', 2)
('photo,', 2)
('assumed', 2)
('..', 2)
('bother', 2)
('$1m', 2)
('typical', 2)
('queensland', 2)
('›', 2)
('hurting', 2)
('surplus!', 2)
('magical', 2)
('method', 2)
('resources', 2)
('wrong?', 2)
('weekend', 2)
('pinned', 2)
('scotts', 2)
('thr', 2)
('deficit.', 2)
('own.', 2)
('dollars.', 2)
('creates', 2)
('returns', 2)
('surplus,', 2)
('treasury’s', 2)
('dr', 2)
('rosie', 2)
('alp', 2)
('fundamental', 2)
('broke', 2)
('bringing', 2)
('gains', 2)
('payments', 2)
('bills.', 2)
('infrastructure.', 2)
('household', 2)
('instant', 2)
('noodles', 2)
('cardboard', 2)
('instead!', 2)
('stick', 2)
('package', 2)
('idiot', 2)
('fuckers', 2)
('church', 2)
('handouts', 2)
('building', 2)
('feelings', 2)
('division.', 2)
('are,', 2)
('myself,', 2)
('employer', 2)
('ivory', 2)
('outright', 2)
('streets', 2)
('lnp,', 2)
('banks', 2)
('upgrade', 2)
('tools', 2)
('catalog.', 2)
('saving', 2)
('twice.', 2)
('sponsored', 2)
('ipa', 2)
('“but', 2)
('we’ll', 2)
('anymore.', 2)
('muslims', 2)
('change.', 2)
('they’ll', 2)
('shitfuckery', 2)
('tech', 2)
('telegraph', 2)
('amazed', 2)
('water.', 2)
('unlawfully', 2)
('searching', 2)
('16-year-old', 2)
('positives', 2)
('old.', 2)
('increasing', 2)
('abuses', 2)
('disgusting.', 2)
('searched,', 2)
('publication', 2)
('situation,', 2)
('condoms...the', 2)
('consensus', 2)
('secrete', 2)
('teenage', 2)
('drugs...', 2)
('friends.', 2)
('teens', 2)
('preventing', 2)
('psychological', 2)
('disbanded', 2)
('75%', 2)
('(in', 2)
('80%)', 2)
('cause', 2)
('of,', 2)
('instance,', 2)
('peace', 2)
('pigs.', 2)
('wtf', 2)
('stranger', 2)
('needed', 2)
('revenue', 2)
('defined', 2)
("**'serious,", 2)
("necessary'**.", 2)
('**general', 2)
('searc**h', 2)
('outer', 2)
('layers', 2)
('jacket,', 2)
('socks,', 2)
('hat', 2)
('gloves.', 2)
('requires', 2)
('clothes;', 2)
('(but', 2)
('cavities)', 2)
('clothes.', 2)
('explanation', 2)
('items', 2)
('clothing', 2)
('naked.', 2)
('intended', 2)
('infringements.', 2)
('25%', 2)
('accuracy,', 2)
('60%', 2)
('chances', 2)
('criteria', 2)
('85%.', 2)
('naked,', 2)
('privacy', 2)
('dignity', 2)
('suspicion,', 2)
('non-violent', 2)
('crime.', 2)
('striped', 2)
('inspected', 2)
('use?', 2)
('lastly,', 2)
('unlawful,', 2)
('**cavity**', 2)
('(you', 2)
('search).', 2)
('indication', 2)
('unreliable', 2)
('unlawful.', 2)
('rise', 2)
('levels', 2)
('doctor', 2)
('however,', 2)
('moron', 2)
('decision', 2)
('behaviour', 2)
('ought', 2)
('disgrace', 2)
('bastards.', 2)
('sex', 2)
('fingers', 2)
('not,', 2)
('sniffing', 2)
('refusing', 2)
('require', 2)
('cucked', 2)
('pingas', 2)
('matters.', 2)
('wales', 2)
('occasions', 2)
('innocent', 2)
('typo', 2)
('conducted', 2)
('station', 2)
("law's", 2)
('equivalent', 2)
('crying.', 2)
('wearing', 2)
('underneath', 2)
('me."', 2)
('anti', 2)
('pill', 2)
('achieve', 2)
('condoms', 2)
('entering', 2)
('wherever', 2)
('simultaneously,', 2)
('belief', 2)
('amongst', 2)
('degree', 2)
('cops,', 2)
('much.', 2)
('cause.', 2)
('described', 2)
('frequently', 2)
('underage', 2)
('ding', 2)
('purpose.', 2)
('friend.', 2)
('caught', 2)
('so.', 2)
('blanket', 2)
('visually', 2)
('asshole', 2)
('drugs.', 2)
('costs.', 2)
('forcibly', 2)
('bad,', 2)
('humiliation', 2)
('agreed.', 2)
('order.', 2)
('8', 2)
('indicate', 2)
('wins', 2)
('votes', 2)
('issue,', 2)
('serious,', 2)
('flagged', 2)
('constitutes', 2)
('circumstances', 2)
('acab.', 2)
('engage', 2)
('citizen', 2)
('organisation.', 2)
('logic', 2)
('want.', 2)
('punishment', 2)
('lawyers', 2)
('anyway.', 2)
('honestly.', 2)
('would.', 2)
('line.', 2)
('yours.', 2)
('hundred', 2)
('trained', 2)
("people's", 2)
('separate', 2)
('terms', 2)
('cousin', 2)
('drunks', 2)
('"nah', 2)
('bro,', 2)
("we'd", 2)
('best,', 2)
('job?', 2)
('>you', 2)
('normal', 2)
('career', 2)
('sure,', 2)
('fair,', 2)
('daily', 2)
('saying.', 2)
('perfectly', 2)
('"any', 2)
('cause"', 2)
('nihilist.', 2)
('chill', 2)
('guessing.', 2)
('lives', 2)
('wrong,', 2)
('then.', 2)
("there'll", 2)
('promotion', 2)
('arent', 2)
('philippines', 2)
('unable', 2)
('buffet,', 2)
('destroyed', 2)
('down.', 2)
('increase', 2)
('dropping', 2)
('shifts,', 2)
('factors', 2)
('honest', 2)
('predicted', 2)
('2014', 2)
('2011,', 2)
('mind,', 2)
("rba's", 2)
('improving', 2)
('growth.', 2)
('heart', 2)
('supply', 2)
('usually', 2)
('predict', 2)
('auto', 2)
('agreement', 2)
('thailand', 2)
('tax.', 2)
('raw', 2)
('materials', 2)
('compete', 2)
('mines', 2)
('pulled', 2)
('environmental', 2)
('worker', 2)
('jobs.', 2)
('dive', 2)
('myself', 2)
("one's", 2)
('lower', 2)
('immigration,', 2)
('frankly', 2)
('punish', 2)
('important.', 2)
('learn.', 2)
('promised', 2)
('performance', 2)
('say,', 2)
('swing', 2)
('jobs?', 2)
('december', 2)
('negotiate', 2)
('fill', 2)
('none', 2)
('fuck,', 2)
('grab', 2)
('trickle', 2)
('poor.', 2)
('piss', 2)
('prop', 2)
('proven', 2)
('abs', 2)
('average,', 2)
('constant', 2)
('model', 2)
('years:', 2)
('ceo', 2)
('stated', 2)
('cpi', 2)
('areas', 2)
('taxes', 2)
('addicted', 2)
('migrant', 2)
('dollars', 2)
('cars', 2)
('buyers', 2)
('value', 2)
('loans', 2)
('banks.', 2)
('housing.', 2)
('meaningful', 2)
('expensive', 2)
('exploit', 2)
('steal', 2)
('prc', 2)
('began', 2)
('gm', 2)
('program', 2)
('immigrants', 2)
('people/groups', 2)
('print', 2)
('msm...', 2)
('censoring', 2)
('smear', 2)
('off...', 2)
('swill', 2)
('raising', 2)
('beholden', 2)
('issues.', 2)
('warned', 2)
('internet', 2)
('originate', 2)
('corp.', 2)
('moment', 2)
('press?', 2)
('matilda', 2)
('edgelord', 2)
('2007.', 2)
('largely', 2)
('cool.', 2)
('raids?', 2)
('fail', 2)
('gestapo', 2)
('nine,', 2)
('mps', 2)
('subject', 2)
('fowl', 2)
('targeted', 2)
('mistress', 2)
('mental', 2)
('nope,', 2)
('nation.', 2)
('acknowledge', 2)
('rub', 2)
('opportunity', 2)
('resist', 2)
('pointing', 2)
('conducting', 2)
('revealing', 2)
('validating', 2)
('equate', 2)
('18', 2)
('also...', 2)
('boutique', 2)
('over.', 2)
('specifically?', 2)
('pedal', 2)
('white', 2)
('strawmen', 2)
('arguments', 2)
('elsewhere.', 2)
('served', 2)
('white...', 2)
('busting', 2)
('shed', 2)
('trash', 2)
('muddy', 2)
('posturing.', 2)
('amnesty', 2)
('idea...', 2)
('not...', 2)
('simultaneously', 2)
('corrupt,', 2)
('corrupt”', 2)
('“some', 2)
('reveals', 2)
('finding', 2)
('start.', 2)
('hardly', 2)
("'errant'", 2)
('pot.', 2)
('"your', 2)
('followed', 2)
('interesting,', 2)
('boat', 2)
('dole', 2)
('pensions', 2)
('visas', 2)
('grid', 2)
('converters', 2)
('contracts', 2)
('selectively', 2)
('length', 2)
('detained', 2)
('failed', 2)
('identify', 2)
('citizenship.', 2)
('multiple', 2)
('purely', 2)
('detaining', 2)
('departments', 2)
('communicate', 2)
('other.', 2)
('collection.', 2)
('roberts', 2)
('punishment?', 2)
('contamination', 2)
('$30', 2)
('irony', 1)
('manifest.', 1)
('relentlessly', 1)
('bastards,', 1)
('degradation', 1)
('loses', 1)
('stage', 1)
('replaced', 1)
('china,', 1)
('vulnerable', 1)
('tyrannical.', 1)
('developing', 1)
('tyrannical', 1)
('afforded', 1)
('masked', 1)
('door', 1)
('wtf?', 1)
('us?', 1)
('pushes', 1)
('enact', 1)
('"something".', 1)
('alongside', 1)
('shopped', 1)
('dictators', 1)
('fascists.', 1)
('suppressed', 1)
('infiltrated', 1)
('turds.', 1)
('ironic,', 1)
('instrumental', 1)
('improved', 1)
('loop', 1)
('mutiny', 1)
('australian?', 1)
('corresponding', 1)
('deny', 1)
('inform', 1)
('improve', 1)
('newspaper.', 1)
('lapdogs', 1)
('informing', 1)
('clock', 1)
('twice', 1)
("what'd", 1)
('miss?', 1)
('rein', 1)
('pollies', 1)
('“first,', 1)
('unionists', 1)
('unionist..”', 1)
('celebrated', 1)
('slimy', 1)
('gutting', 1)
('finally,', 1)
('cheika', 1)
('lasted', 1)
('revealed.', 1)
('friction', 1)
('et', 1)
('al', 1)
('schools.', 1)
('“heartbreaking,', 1)
('point”', 1)
('today’s', 1)
('papers.', 1)
('cancer', 1)
('idiots', 1)
('stinks', 1)
('rank', 1)
('hypocrisy.', 1)
('farce.', 1)
('wikileaks', 1)
('outclasses', 1)
('bottom', 1)
('(authorised', 1)
('by...', 1)
('initiative?', 1)
('publish', 1)
('blogs),', 1)
('apart.', 1)
('fan,', 1)
('fight.', 1)
('shorten', 1)
('somehow.', 1)
('eli5', 1)
("australian's", 1)
('corrupts', 1)
('seconds.', 1)
('cleansing', 1)
('purge', 1)
('rick', 1)
('morty.', 1)
('selfish', 1)
('parrots', 1)
('stuck', 1)
('cage', 1)
('govern.', 1)
('80', 1)
('olds', 1)
('vietnam', 1)
('hmm', 1)
('panama', 1)
('pricks', 1)
('hero', 1)
('handed', 1)
('dodging', 1)
('"dole', 1)
('causing', 1)
('warming', 1)
('puppy', 1)
('deaths".', 1)
('me..', 1)
('recently.', 1)
('31', 1)
('comments.', 1)
('*every*', 1)
('2k', 1)
('minimum', 1)
("weeks'", 1)
('servant.', 1)
('broken.', 1)
('design', 1)
('brilliance', 1)
('protests', 1)
('shocked.', 1)
('pff,', 1)
('real?', 1)
('pissed', 1)
('huh', 1)
('readable', 1)
('usual...', 1)
('neoliberal', 1)
('liars', 1)
('colluded', 1)
('forgot', 1)
('progressive', 1)
('everywhere.', 1)
('newspapers?', 1)
('“journalists”', 1)
('truth,', 1)
('dystopia', 1)
('starts.', 1)
('nice.', 1)
('courier', 1)
('porter', 1)
('commentary?', 1)
('example', 1)
('headlines?', 1)
('awful', 1)
('shortens', 1)
('headlines', 1)
('tax?', 1)
('id', 1)
('quanity,', 1)
('sourced', 1)
('paste', 1)
('\x14reuters', 1)
('"opinion"', 1)
('articles.', 1)
('sorry.', 1)
('havent', 1)
('kong.', 1)
('distraction', 1)
('underpin', 1)
('zzzzz.', 1)
('eds', 1)
('isnt', 1)
('wanky', 1)
('impractical', 1)
('gallery.', 1)
('much?', 1)
('germany,', 1)
('pair?', 1)
('toner.', 1)
('achieve,', 1)
('websites', 1)
('404', 1)
('hobart', 1)
('mercury', 1)
('paywall', 1)
('shite.', 1)
('banned”', 1)
('case?', 1)
('ridiculous,', 1)
('exempt', 1)
('whatsoever', 1)
('communications', 1)
('*that', 1)
('matters*', 1)
("'hidden'", 1)
('"gotcha"', 1)
('attaching', 1)
("frickin'", 1)
('laser', 1)
('beams', 1)
('shark', 1)
('experimental', 1)
('ufo', 1)
('crash', 1)
('currency', 1)
('devalue', 1)
('currencies,', 1)
('amirite?', 1)
('far...', 1)
('stances', 1)
('protesters', 1)
('yea', 1)
('ootl', 1)
('rags.', 1)
('public".', 1)
('stress', 1)
('importance', 1)
('disrupt', 1)
('pm.', 1)
('sleep', 1)
('dogs,', 1)
('fleas', 1)
('hey,', 1)
('ally', 1)
('yes!', 1)
('rags', 1)
('hypocrites.', 1)
('succulent', 1)
("....i'm", 1)
('?!', 1)
('judo', 1)
('talk,', 1)
('skews', 1)
('means,', 1)
('shut', 1)
('down,', 1)
('preach', 1)
('cares,', 1)
('plan,', 1)
('usa.', 1)
('knobs', 1)
('decrease', 1)
('interventions', 1)
('measures', 1)
('"balanced"', 1)
('systems', 1)
('continues.', 1)
('administration', 1)
('favorable', 1)
('themselves,', 1)
('(edit:', 1)
('valid)', 1)
('buck', 1)
('dogs".', 1)
('paper/media', 1)
('outrage', 1)
('step', 1)
('legislation.', 1)
('unhappy', 1)
('ad.', 1)
('bottom.', 1)
('noticeable', 1)
('most,', 1)
('yelling', 1)
('sadly', 1)
('ears', 1)
('shit’s', 1)
('changing,', 1)
('fast.', 1)
('fleeing', 1)
('scary.', 1)
('reassuring', 1)
('uncertain', 1)
('inside', 1)
('*his*', 1)
('/r/leopardsatemyface', 1)
('journalism.', 1)
('ethical', 1)
('professional', 1)
('democracy.', 1)
('treated', 1)
('institution,', 1)
('community,', 1)
('quietly', 1)
('whittled', 1)
('bat', 1)
('theirs.', 1)
('delivery', 1)
('customers', 1)
('waking', 1)
('forklift', 1)
('unloading', 1)
('driveway.', 1)
('hitlers', 1)
('moustache', 1)
('persecuted', 1)
('stonewalled', 1)
('govt,', 1)
('significantly', 1)
('ranking', 1)
('freak', 1)
('again....', 1)
('prefer', 1)
('"cos', 1)
('reap,', 1)
('sowwww!', 1)
('🎶', 1)
('http://abc.net.au/news/2019-10-21/media-unites-to-rally-for-press-freedom/11621806', 1)
('attacks', 1)
('gaol', 1)
('story?', 1)
("see's", 1)
('slip', 1)
('authoritarianism.', 1)
('though?', 1)
('ingredients', 1)
('‘shit', 1)
('show’', 1)
('megafactory', 1)
('churns', 1)
('empowers', 1)
('types', 1)
('voters)', 1)
('millions', 1)
('represented', 1)
('(adjusts', 1)
('tinfoil', 1)
('hat),', 1)
('both?', 1)
('*cue', 1)
('taco', 1)
('music*', 1)
("fuck'em", 1)
('both.', 1)
('mind.', 1)
('orc,', 1)
('thick', 1)
('headed', 1)
('orc', 1)
('nature', 1)
('design.', 1)
('brutishness', 1)
('led.', 1)
('sauron', 1)
('himself.', 1)
('yoke.', 1)
('orcs', 1)
('rampaging', 1)
('kingdoms', 1)
('form', 1)
('ultimately', 1)
("sauron's", 1)
('wishes.', 1)
('neither.', 1)
('/r/inclusiveor', 1)
('outlets,', 1)
('stations', 1)
('eroding', 1)
('freedom.', 1)
('credit.', 1)
('maybe.', 1)
('lets', 1)
('eh.', 1)
('active', 1)
('**can**', 1)
('powerfully', 1)
('mobilise', 1)
('elections,', 1)
('wilfully', 1)
('silent', 1)
('nbn.', 1)
('directed', 1)
('motivated', 1)
('action?', 1)
("don't.", 1)
('rags,', 1)
('follow-up', 1)
('cable', 1)
('personalities,', 1)
('sphere.', 1)
('giant-political-machine', 1)
('idle', 1)
('uninterested', 1)
('intentions.', 1)
('groupthink', 1)
('/r/australia.', 1)
('firmly', 1)
('redditors', 1)
('concerned', 1)
('about,', 1)
('upvotes', 1)
('left"', 1)
('exclusion', 1)
('reduce', 1)
('angered', 1)
('https://www.google.com/amp/amp.abc.net.au/article/11562102', 1)
('deciding', 1)
('tell.', 1)
('*very', 1)
('government*', 1)
('earlier', 1)
('pro-media', 1)
('group.', 1)
('because,', 1)
("'journalism'.", 1)
('presume', 1)
('speight', 1)
('crackdowns', 1)
('jornos', 1)
('leaks', 1)
('size?', 1)
('crazy...', 1)
('inception', 1)
('size,', 1)
('suppressing', 1)
('imprisonment', 1)
('jillian', 1)
('assange,', 1)
('emboldened', 1)
('clamped', 1)
('raid', 1)
('offices', 1)
('institutes', 1)
('imprison', 1)
('celebrity', 1)
('contain', 1)
('zealand,', 1)
('usual,', 1)
('cutthroat,', 1)
('brutal,', 1)
('blunt.', 1)
('aided', 1)
('abetted', 1)
('apathy', 1)
('implied,', 1)
('hc', 1)
('lines', 1)
('constitution.', 1)
('strict', 1)
('doctors/nurses', 1)
('verbalising', 1)
('anti-vax', 1)
('ideologies,', 1)
('(were?', 1)
('sure)', 1)
('gag', 1)
('centres.', 1)
('implied', 1)
('communication,', 1)
('danny', 1)
('lim', 1)
('sandwich', 1)
('boards', 1)
('jabs', 1)
('figures)', 1)
('offensive', 1)
('conduct/language,', 1)
('judge', 1)
('noted', 1)
('lim’s', 1)
('conduct', 1)
('offensive,', 1)
('communication', 1)
('formed', 1)
('“reasonable', 1)
('excuse”.', 1)
('dish', 1)
('dismissal', 1)
('bloodless', 1)
('coup?', 1)
('stupid,', 1)
('sinister', 1)
('classifying', 1)
('favourable', 1)
('deterioration', 1)
('transparent', 1)
('governance', 1)
('hive', 1)
('decline', 1)
('nations.', 1)
('tends', 1)
('sun.', 1)
('uni', 1)
('exploiting', 1)
('$$$', 1)
('lecturer', 1)
('blew', 1)
('whistle', 1)
('charges', 1)
('not-or', 1)
('*think*', 1)
('remembers', 1)
('55', 1)
('anymore..', 1)
('commute.', 1)
("nova's", 1)
('friendlyjordies..youtube...', 1)
('commentator...', 1)
('fuggin', 1)
('headline!', 1)
('ah,', 1)
('grammar', 1)
('puppet', 1)
('scomo,', 1)
('firstsies.', 1)
('scomo:', 1)
('"ohhh,', 1)
('fair!"', 1)
('"thems', 1)
('over...&', 1)
('toes."', 1)
('benefitial', 1)
('non-existant', 1)
("'peacekeepers'.", 1)
('*faint', 1)
('deus', 1)
('ex', 1)
('theme*', 1)
('clathrate', 1)
('fires.', 1)
('levels.', 1)
('$398', 1)
('billion,', 1)
('billion.', 1)
('it’d', 1)
('>......has', 1)
('scaring', 1)
('submission.', 1)
('note,', 1)
('name.', 1)
('secrecy?', 1)
('smoke', 1)
('screen', 1)
('play.', 1)
('unanimously.', 1)
('blight', 1)
('labor’s', 1)
('backdoor', 1)
('beaten', 1)
('doubt.', 1)
('cia', 1)
('coups', 1)
('scares,', 1)
('murdoch’s', 1)
('opponent', 1)
('can,', 1)
('streak', 1)
('evident', 1)
('pre-election.', 1)
('behavior.', 1)
('strongest', 1)
('advocates.', 1)
('chairman', 1)
('“should', 1)
('theorised', 1)
('crept', 1)
('stage,', 1)
('controls.', 1)
('where’s', 1)
('journalism?', 1)
('self-regulate.', 1)
('allies', 1)
('societal', 1)
('affect', 1)
('personally.', 1)
('talked', 1)
('sentencing', 1)
('xr', 1)
('specifically.', 1)
('waaaake', 1)
('uuuuup!', 1)
('same,', 1)
('unsure', 1)
('actually,', 1)
('terrifying,', 1)
('prompt', 1)
('ulhman', 1)
("'when", 1)
('politician', 1)
('prosecuted', 1)
('puts', 1)
('light,', 1)
("dictatorship'", 1)
('(paraphrased', 1)
('quote).', 1)
('attorney', 1)
('decision.', 1)
('courts.', 1)
('politician.', 1)
('apathy.', 1)
('enduring', 1)
('(negative)', 1)
('dream', 1)
('of.', 1)
('ocean', 1)
('surprising', 1)
('media)', 1)
('unaware', 1)
('officially', 1)
('dissolved.', 1)
('operate', 1)
('smh,', 1)
('macquarie', 1)
('burning', 1)
('farm', 1)
('rats', 1)
('spot.', 1)
('protected', 1)
('stacking', 1)
('slow', 1)
('lessening', 1)
('receiving', 1)
('pushed', 1)
('writ', 1)
('large.', 1)
('altruistic', 1)
('guarding', 1)
('nest', 1)
('ball', 1)
('mitigation.', 1)
('of...', 1)
('uh.', 1)
('pride?', 1)
('positive,', 1)
('"groupthink"', 1)
('oh-so-above.', 1)
('mistaking', 1)
('opinions', 1)
('popular,', 1)
('furthermore', 1)
('ass...', 1)
('broadsheet,', 1)
('waaaaay', 1)
('google', 1)
('"australian', 1)
('freedom"', 1)
('this....', 1)
('dgaf', 1)
('liar', 1)
('hire/cash', 1)
('*well', 1)
('color', 1)
('spank', 1)
('fedora*', 1)
('difference.', 1)
('telling.', 1)
('organ', 1)
('harvester.', 1)
('“businesses', 1)
('want”', 1)
('opponents', 1)
('i.e', 1)
('workers.', 1)
('acquisition', 1)
('american-australian', 1)
('businessman', 1)
('portions', 1)
('yours', 1)
('lick.', 1)
('temerity', 1)
('threaten', 1)
('journos.', 1)
('(at', 1)
('part)', 1)
('hey?', 1)
('...really?', 1)
('videos', 1)
('entertaining', 1)
('concerning.', 1)
('nowhere,', 1)
('any.', 1)
('ready', 1)
('unelected', 1)
('warlords.', 1)
('sector,', 1)
('oligarch.', 1)
('pretentious', 1)
('service,', 1)
('consultants', 1)
('contractors.', 1)
('least..', 1)
('services,', 1)
('months?', 1)
('blacked', 1)
('publish,', 1)
('newspapers,', 1)
('influence,', 1)
('*zero*', 1)
('muck', 1)
('included.', 1)
('labor:', 1)
('80%', 1)
('labor!', 1)
('keeps.', 1)
('australian!', 1)
("80's.", 1)
('coversation,', 1)
('tied.', 1)
('*is*', 1)
('regulated,', 1)
('weaponisation', 1)
('*feature*', 1)
('regulation.', 1)
('concentration', 1)
('factuality,', 1)
('wish.', 1)
('election', 1)
('remember.', 1)
('nipple', 1)
('topple', 1)
('placed,', 1)
('lackeys', 1)
('devastating', 1)
('libs.', 1)
('outof', 1)
('instant,', 1)
('ruse,', 1)
('crocodile', 1)
('tears', 1)
('powerless', 1)
('ally.', 1)
('whitlam', 1)
('universal', 1)
('legislate', 1)
('oil,', 1)
('gas,', 1)
('mineral', 1)
('reserves,', 1)
('"kill', 1)
('whitlam".', 1)
('intervention', 1)
('dismissal.', 1)
('"kick', 1)
('out".', 1)
('passed?', 1)
('exempt.', 1)
('consolidated', 1)
('attempted', 1)
('parliament?', 1)
('happily', 1)
('assassinating', 1)
('turnbull.', 1)
('lickspittles', 1)
('distraction,', 1)
('shiny', 1)
('"economic', 1)
('grown', 1)
('ups"', 1)
('things?', 1)
('posting', 1)
('build', 1)
('guillotines.', 1)
('cop.', 1)
('alarmed', 1)
('sheer', 1)
('clue', 1)
('colleagues,', 1)
('intelligent', 1)
('switched', 1)
('established', 1)
('packers,', 1)
('>"and', 1)
('applied', 1)
('evenly', 1)
('broader', 1)
('anyone,', 1)
('hope,', 1)
('else."', 1)
('restricted', 1)
('threatened', 1)
('whistleblowers.', 1)
('coalition/murdoch', 1)
('pushing.', 1)
('objective', 1)
('media-wide', 1)
('thing?', 1)
('shoring', 1)
('back.', 1)
('ruse', 1)
('separation', 1)
('"m\'ass"', 1)
('clinton', 1)
('left)', 1)
('marco', 1)
('rubio', 1)
('ideologues', 1)
('george', 1)
('w', 1)
('politically.', 1)
('formation', 1)
('alp.', 1)
('(well,', 1)
('birth)', 1)
('democratic', 1)
('aoc/sanders,', 1)
('remnants', 1)
('keynesian', 1)
('economics.', 1)
("ain't", 1)
('patriot', 1)
('decree', 1)
('cowardice.', 1)
('trump,', 1)
('hahahah', 1)
('congratulations', 1)
('ill-informed', 1)
('row!!', 1)
('oh!', 1)
('shitstorm', 1)
('brewing', 1)
('university.', 1)
('fox', 1)
('sky', 1)
('owner', 1)
('world,', 1)
('warmonger', 1)
('sociopath', 1)
('laying', 1)
('69', 1)
('boot', 1)
('licking', 1)
('tbh', 1)
('investigative', 1)
('scriptwriting', 1)
('"reporting"', 1)
('aaah', 1)
('serfdom.', 1)
('indentured', 1)
('"provide"', 1)
('(formerly', 1)
('public)', 1)
('idiots.', 1)
('eliminate', 1)
('democratic),', 1)
('dictatorial).', 1)
('moan', 1)
('whatever,', 1)
('unions,', 1)
('striking,', 1)
('ensuring', 1)
('ransom', 1)
('starvation.', 1)
('(government', 1)
('subverted', 1)
('interests),', 1)
('delivering', 1)
('preview', 1)
('powerful.', 1)
('delivers,', 1)
('terrible.', 1)
('age!', 1)
('naaah...', 1)
('$500m', 1)
('reef', 1)
('foundation', 1)
('one-off', 1)
('debate.', 1)
('greg', 1)
('jericho', 1)
('propaganda...', 1)
('nostalgic-like', 1)
('shit"', 1)
('drag', 1)
('greatly', 1)
('misdeeds', 1)
('blamed', 1)
('partially', 1)
('opponents.', 1)
('frankly,', 1)
('result,', 1)
('correctly.', 1)
('consolidation.', 1)
('member?', 1)
('tried.', 1)
('garbage', 1)
('kneecaps.', 1)
('angry,', 1)
('constructive', 1)
('guillotine', 1)
('base', 1)
('abit', 1)
('astronomically', 1)
('styles', 1)
(';)', 1)
('eh,', 1)
('catching', 1)
('bernie', 1)
('socialist', 1)
('standards.', 1)
('classically', 1)
('regulating', 1)
('"liberty"', 1)
('purchases', 1)
('[https://en.wikipedia.org/wiki/economic\\_liberalism](https://en.wikipedia.org/wiki/economic_liberalism)', 1)
('turnbull', 1)
('hilary', 1)
('liberals,', 1)
('better,', 1)
('any,', 1)
('debate?', 1)
('lined', 1)
('lineage', 1)
('bloated', 1)
('ourbootoros', 1)
('l7', 1)
('maniacally', 1)
("editor's", 1)
('homes', 1)
('wrote', 1)
('blood', 1)
('recognise', 1)
('movement', 1)
("country's", 1)
('authoritarianism,', 1)
('media.*', 1)
('does,', 1)
('genuine', 1)
('contacts,', 1)
('stories,', 1)
('provides', 1)
('commentary.', 1)
('reporters,', 1)
('aap', 1)
('releases,', 1)
('checkers,', 1)
('editors,', 1)
('sub-editors,', 1)
('op-ed', 1)
('writers,', 1)
('photographers,', 1)
('practices,', 1)
('perspective', 1)
('narrow', 1)
('chunks', 1)
('pieces.', 1)
('complains', 1)
('informed', 1)
('struggle', 1)
('comprehension,', 1)
('op-ed/editorial', 1)
('column', 1)
('criticisms', 1)
('untrained', 1)
('unprofessional', 1)
('personalities', 1)
('adequate', 1)
('anywhere', 1)
('ta', 1)
('da!', 1)
('food...', 1)
('reached', 1)
('edge', 1)
('wedge.', 1)
('1880s?', 1)
('then,', 1)
('questionable', 1)
('alternatives.', 1)
('“they’re', 1)
('same!”', 1)
('added', 1)
('trying.', 1)
('extent', 1)
('deify', 1)
('gospel', 1)
('utterly', 1)
('counter-intuitive', 1)
('key', 1)
('consumer', 1)
('reiterate,', 1)
('uploads', 1)
('channel.', 1)
('reputable', 1)
('displays', 1)
('libraaaaal', 1)
('govment', 1)
('apologies,', 1)
('unions.', 1)
('communist.', 1)
('coverage', 1)
('nbn', 1)
('liberal,', 1)
('liberal.', 1)
('ideology,', 1)
('>liberalism', 1)
('philosophy', 1)
('governed,', 1)
('equality', 1)
('espouse', 1)
('wide', 1)
('array', 1)
('depending', 1)
('principles,', 1)
('rights),', 1)
('(free', 1)
('markets),', 1)
('democracy,', 1)
('secularism,', 1)
('gender', 1)
('racial', 1)
('internationalism,', 1)
('speech,', 1)
('religion.', 1)
('capitalism.', 1)
('sanders?', 1)
('pauline', 1)
('sir', 1)
('walter', 1)
('prominent', 1)
('author,', 1)
('philosopher,', 1)
('emeritus', 1)
('professor', 1)
('minded', 1)
('quoted', 1)
('saying,', 1)
('"no,', 1)
('one."', 1)
('https://en.wikipedia.org/wiki/murdoch_university#history', 1)
('watching/reading', 1)
('selective', 1)
('thatmaniacally', 1)
('they,', 1)
('hacking', 1)
('(dead', 1)
('alive)', 1)
('phones', 1)
('murdochs', 1)
('turf.', 1)
('wind', 1)
('yellow', 1)
('roamed', 1)
('wild', 1)
('free?', 1)
('collect', 1)
('levies', 1)
('taxes.', 1)
('ye', 1)
('goal.', 1)
('medi**scare**', 1)
('*poisoning', 1)
('well*', 1)
('hug', 1)
('cameras,', 1)
('supporter,', 1)
('glossing', 1)
('desirable', 1)
('re-enforce', 1)
('arugments.', 1)
('position.', 1)
('paper.', 1)
('reductionist', 1)
('filthy', 1)
('lib', 1)
('socially', 1)
('ultra-conservative', 1)
('dictating', 1)
('wear,', 1)
('medicine', 1)
('umbrella', 1)
('term.', 1)
('represents.', 1)
('markets', 1)
('liberties.', 1)
('classical', 1)
('mix', 1)
('two,', 1)
('liberties,', 1)
('espouses).', 1)
('anti-monarchy.', 1)
('espoused', 1)
('want,', 1)
('equal', 1)
('abide', 1)
('king', 1)
('decided.', 1)
('time..', 1)
('warren.', 1)
('(?)', 1)
('rupert.', 1)
('mission.', 1)
('verbatim', 1)
('unfair', 1)
('behalf.', 1)
('outcome', 1)
('(either', 1)
('minority', 1)
('alternative).', 1)
('nuance', 1)
('voices', 1)
('propagate', 1)
('idpol', 1)
('represents', 1)
('represent,', 1)
('[economic', 1)
('index](https://en.wikipedia.org/wiki/index_of_economic_freedom)', 1)
('82.6', 1)
('2013', 1)
('80.9', 1)
('(lowest', 1)
('2016', 1)
('80.3),', 1)
('spending/gdp', 1)
('ratio](https://tradingeconomics.com/australia/government-spending-to-gdp)', 1)
('spending](https://tradingeconomics.com/australia/government-spending)', 1)
('sulking', 1)
('applauding', 1)
('imply', 1)
('protecting', 1)
('poke', 1)
('hypocrites', 1)
('banning', 1)
('advertising', 1)
('westpac', 1)
('bus?', 1)
('from.', 1)
('[np]', 1)
('21st!', 1)
('21/oct/2019', 1)
('buderim', 1)
('sunshine', 1)
('https://i.imgur.com/9kplltw.jpg', 1)
('manly', 1)
('ferry', 1)
('https://i.imgur.com/8pxu5ck.jpg', 1)
('neat', 1)
('artwork', 1)
('geelong', 1)
('http://imgur.com/a/odb9hvd', 1)
('scrambling', 1)
('kristina', 1)
('keneally:', 1)
('“let’s', 1)
('–', 1)
('review:', 1)
('done?', 1)
('find?', 1)
('released', 1)
('publicly?,”', 1)
('response.', 1)
('heaven', 1)
('showed', 1)
('ranks', 1)
('among', 1)
('agencies', 1)
('morale,', 1)
('leave.”', 1)
('>home', 1)
('monday.', 1)
('"i\'ll', 1)
('notice".', 1)
('robo', 1)
('notice.', 1)
('odds', 1)
('received', 1)
('ties', 1)
('scandal,', 1)
('embarrassing.', 1)
('"mum', 1)
('washed', 1)
('it".', 1)
('recall!!', 1)
('what,', 1)
('joyce', 1)
('managed', 1)
('diverted', 1)
('"au', 1)
('costs".', 1)
('conclusion', 1)
('liked.', 1)
('buried.', 1)
('million.', 1)
('enriching', 1)
('connected', 1)
('consultants.', 1)
('https://www.righttoknow.org.au', 1)
('submit', 1)
('request', 1)
('used.', 1)
('"in', 1)
('2017', 1)
('labelled', 1)
('capability', 1)
('roadmap', 1)
('revised', 1)
('review.', 1)
('and,', 1)
('reports,', 1)
('documents"', 1)
('hopefully', 1)
('submitting', 1)
('seriously.', 1)
('hid', 1)
('monies', 1)
('unknown', 1)
('allegedly.', 1)
('(literally)', 1)
('consultant.', 1)
('spent;', 1)
('went.', 1)
('worry', 1)
('misappropriated', 1)
('incompetence?', 1)
('drinks', 1)
('cracking,', 1)
('43.', 1)
('compliments,', 1)
('complaints', 1)
('suggestions', 1)
('133', 1)
('177', 1)
("employers'", 1)
('hotline', 1)
('040', 1)
('070', 1)
('citizenship', 1)
('009', 1)
('623', 1)
('enquiries', 1)
('131', 1)
('881', 1)
('random,', 1)
('disorganised', 1)
('sebago', 1)
('himself,', 1)
('fancies', 1)
('dutch', 1)
('cream.', 1)
('~~home', 1)
('affairs~~', 1)
('*2019', 1)
('election*', 1)
('~~review~~', 1)
('*donation*.', 1)
('celebrate', 1)
('reviews', 1)
('indiscretions)', 1)
('future;', 1)
('firm', 1)
('report.', 1)
('vehemently', 1)
('icac?', 1)
('hmmm', 1)
('>what', 1)
('whistleblowing', 1)
('whistleblowing,', 1)
('promoting', 1)
('coal,', 1)
('lastly', 1)
('though..', 1)
('dandy.', 1)
('impairment', 1)
('costs?', 1)
('pair.', 1)
('......', 1)
('findings:', 1)
('gestapo.', 1)
('dutton:', 1)
('anyone.', 1)
('what?!?!', 1)
('plebs', 1)
('guessing', 1)
('deter', 1)
('though...', 1)
('ton', 1)
('accountability', 1)
('though!', 1)
('enemies', 1)
('governments!', 1)
('accounted', 1)
('shoud', 1)
('regarded', 1)
('such,', 1)
('winning', 1)
('disappear', 1)
('trial.', 1)
('parachuting', 1)
('damning', 1)
('mope', 1)
('punchlines,', 1)
('sad.', 1)
('remembered', 1)
('vote.', 1)
('orgs', 1)
('employing', 1)
('mistruths', 1)
('shitpost', 1)
('thread', 1)
('crimes!', 1)
('bets', 1)
('hollowmen', 1)
('haven’t.', 1)
('closer', 1)
('bone', 1)
('changes,', 1)
('technology', 1)
('easily.', 1)
('heavily.', 1)
('offered', 1)
('gladly.', 1)
('6:1', 1)
('jail.', 1)
('game.', 1)
('television,', 1)
('bluey,', 1)
('hitting', 1)
('realities', 1)
('families', 1)
('under.', 1)
('banas', 1)
('mine.', 1)
("crowe's", 1)
('romper', 1)
('stomper', 1)
('history', 1)
('dry', 1)
('bureaucracy', 1)
('josh', 1)
('thomas', 1)
('artfully', 1)
('laugh,', 1)
('cry,', 1)
('intense', 1)
('somethings', 1)
('noir', 1)
('victorian', 1)
('advertising.', 1)
('settle', 1)
('accessible', 1)
('traumatic', 1)
('others.', 1)
('stars.', 1)
('surprisingly', 1)
('cleverman.', 1)
('(ninja', 1)
('edit;', 1)
('wait,', 1)
('youtube?)', 1)
('screens', 1)
('seasons', 1)
('iirc.', 1)
('spotted', 1)
('iteration', 1)
('book', 1)
('geo-blocked', 1)
('pizza/fat', 1)
('redfern', 1)
('coight’s', 1)
('all-aussie', 1)
('adventures', 1)
('puberty', 1)
('gruen/gruen', 1)
('transfer', 1)
('geoblocked.', 1)
('bbc,', 1)
('broadcaster.', 1)
('them:', 1)
('interview.', 1)
('kettering', 1)
('us,', 1)
('television?', 1)
('stoked', 1)
('gear!', 1)
('seconding', 1)
('iview.', 1)
('netflix?', 1)
('reasons:', 1)
('1.', 1)
('u.s.', 1)
('licensing', 1)
('source.', 1)
('2.', 1)
('library.', 1)
('handle,', 1)
('pbs', 1)
('challenges.', 1)
('appreciating', 1)
('mother.', 1)
('reckon.', 1)
('cinematography.', 1)
('sequel', 1)
('goldstone', 1)
('discovered.', 1)
('storyline', 1)
('era', 1)
('balls', 1)
('wall.', 1)
('doco', 1)
('ozploitation', 1)
('hollywood".', 1)
('kong",', 1)
('"patrick"', 1)
('"road', 1)
('games"', 1)
('stories.', 1)
('"mad', 1)
('morgan"', 1)
('starring', 1)
('near', 1)
('drunk', 1)
('stoned', 1)
('dennis', 1)
('hopper.', 1)
('dog.', 1)
('clearer', 1)
('day,', 1)
('doesnt', 1)
('bands.', 1)
('cargo', 1)
('great,', 1)
('pizza,', 1)
('couriers', 1)
('arctic', 1)
('blast', 1)
('ten', 1)
('canoes,', 1)
('dead.', 1)
('mix.', 1)
("mid-90's,", 1)
('satirical', 1)
('style', 1)
('behind-the-scenes', 1)
('[behind', 1)
('scenes]', 1)
('(https://www.youtube.com/watch?v=olb4fw4auna)', 1)
('u/wilksonator)', 1)
('u/oldskoolr', 1)
('u/its_a_faaake).', 1)
('movie),', 1)
('tracks,', 1)
('rover', 1)
('nightmares.', 1)
('awesome!,.', 1)
("'occupation'.", 1)
('movies:', 1)
('olden', 1)
('redubs', 1)
('dramas.', 1)
('aired', 1)
("'90s", 1)
('shorts', 1)
('(nothing', 1)
('show).', 1)
('utopia.', 1)
('havnt', 1)
('title', 1)
("'underbelly'.", 1)
('info;', 1)
('busted', 1)
('punching', 1)
('bus', 1)
('driver', 1)
('*breaker', 1)
('morant*,', 1)
('films.', 1)
('tip,', 1)
('jungle', 1)
('entertainment', 1)
('comedy,', 1)
('dark', 1)
('twisted,', 1)
('moodys,', 1)
('elegant', 1)
("gentleman's", 1)
('knife', 1)
('(smithston', 1)
('anyone?),', 1)
('squinters,', 1)
('sando', 1)
('(just', 1)
('reason)', 1)
("'wanted'", 1)
('(2016).', 1)
('get!', 1)
('horror', 1)
('loves', 1)
('[claudia', 1)
('karvan](https://www.imdb.com/name/nm0440286/).', 1)
('commercial', 1)
('networks,', 1)
('9,', 1)
('runs', 1)
('>4', 1)
('stations,', 1)
('50', 1)
('networks', 1)
('pacific', 1)
('region,', 1)
('entities.', 1)
('churn', 1)
('creators', 1)
('constraints.', 1)
('manages', 1)
('surreal,', 1)
('brilliant,', 1)
('dark,', 1)
('noted,', 1)
('recommendation', 1)
('(like', 1)
('rake).', 1)
('curious,', 1)
('mel', 1)
('gibson', 1)
('talking,', 1)
('dub?', 1)
('wyrmwood', 1)
('suggest', 1)
('holding', 1)
('see,', 1)
('portrayal', 1)
("80's", 1)
("90's", 1)
('saddest,', 1)
('superbly', 1)
('acted', 1)
('seen.', 1)
("drama's", 1)
('infamous', 1)
('criminals.', 1)
('states,', 1)
('stan', 1)
('oz.', 1)
('aimed', 1)
('(3-10).', 1)
('heelers,', 1)
('heeler', 1)
('cattle', 1)
('creek', 1)
('[housos](https://www.imdb.com/title/tt2103538/).', 1)
('mary', 1)
('max!', 1)
('offspring', 1)
('(might', 1)
('very,', 1)
('good)', 1)
('8mmm', 1)
('seachange', 1)
('priscilla', 1)
('neighbours', 1)
('uk.', 1)
('vet', 1)
('practice.', 1)
('packed', 1)
('rafters', 1)
('bland,', 1)
("'white", 1)
("bread'", 1)
('recommending', 1)
('list.', 1)
('hands,', 1)
('rose', 1)
('byrne', 1)
('hollywood.', 1)
('doubt', 1)
('mentioned.', 1)
('[pixelwhip](https://www.reddit.com/user/pixelwhip/)', 1)
('hand,', 1)
('castle.', 1)
('broke.', 1)
('was,', 1)
('guess,', 1)
('doco,', 1)
('tucker', 1)
('man.', 1)
('army', 1)
('major,', 1)
('les,', 1)
('forest,', 1)
('intro', 1)
('uploaded', 1)
('"very', 1)
('business"', 1)
('series.', 1)
('librarians', 1)
('30', 1)
('exclusive', 1)
('aunty', 1)
('donna,', 1)
('superwog,', 1)
("lilley's", 1)
('activity', 1)
('crude', 1)
('lilley', 1)
('cant', 1)
('"wentworth"', 1)
('orange', 1)
("wife's", 1)
('creek.', 1)
('camping.', 1)
('dish,', 1)
('bends', 1)
('castle,', 1)
('captures', 1)
('spirit', 1)
('couriers.', 1)
('pizza.', 1)
('trailer', 1)
('kim!', 1)
('fisher', 1)
('mysteries', 1)
('gone,', 1)
("'20s", 1)
('underworld', 1)
('wars', 1)
('infamously', 1)
('blocked', 1)
('trials', 1)
('portrayed', 1)
('detail', 1)
('70s', 1)
('mid-2000s:', 1)
('underbelly,', 1)
('tale', 1)
('cities,', 1)
('golden', 1)
('watches.', 1)
('cleverman', 1)
('indigenous', 1)
('tastes', 1)
('pine', 1)
('code.', 1)
('post,', 1)
('recommendations:', 1)
('square', 1)
('sum', 1)
('rashman', 1)
('rashpocket', 1)
('city', 1)
('decent.', 1)
('technically', 1)
('aka', 1)
('faramir', 1)
('lotr.', 1)
('7', 1)
('3.', 1)
('marsden.', 1)
('accurate', 1)
('recreation', 1)
('chuck', 1)
(':', 1)
('[shame](https://m.imdb.com/title/tt0093952/).', 1)
('1987', 1)
('dated,', 1)
('circuit.', 1)
('wa.', 1)
('mixed', 1)
('race', 1)
('communities.', 1)
('heelers.', 1)
('mt', 1)
('thomas,', 1)
('ridden', 1)
('town', 1)
("character's", 1)
('mr.', 1)
('https://www.imdb.com/title/tt0087242/', 1)
('youtube,', 1)
('goose', 1)
('wentworth!!', 1)
('mother"', 1)
('effects', 1)
('rings', 1)
('(new', 1)
('zealanders).', 1)
('pinnacle', 1)
('film,', 1)
('subversive', 1)
('(with', 1)
('exceptions).', 1)
('smash', 1)
('of...cheesy', 1)
('guess?', 1)
('chasers', 1)
('“the', 1)
('crazy”', 1)
('oldie', 1)
('goodie.', 1)
('watchlist.', 1)
('aus.', 1)
('button', 1)
('rake.', 1)
('“where', 1)
('asparagus', 1)
('from?...', 1)
('postcode', 1)
('chook', 1)
('pre-death', 1)
('habits.', 1)
('formative', 1)
('asparagus.', 1)
('chef?”', 1)
('season.', 1)
('damnit,', 1)
('dramatised', 1)
('depicts', 1)
('>bluey', 1)
('confusing', 1)
("70's", 1)
('bargearse.', 1)
('markets.', 1)
('(disclaimer:', 1)
('7yr', 1)
('old.)', 1)
('semantics', 1)
('link.', 1)
('hill', 1)
("bana's", 1)
('poida', 1)
('serenity?', 1)
('serenity.', 1)
('uneasy', 1)
('einstein', 1)
('favourite.', 1)
('*romper', 1)
('stomper*', 1)
('geoffery', 1)
('wright', 1)
('*metal', 1)
('skin*,', 1)
('*romper*', 1)
('music*.', 1)
('successful', 1)
('*love', 1)
('serenade*', 1)
('under-rated', 1)
('*shame.', 1)
('stone*', 1)
('well-meaning)', 1)
('sector.', 1)
('ptsd.', 1)
('ultra', 1)
('violent', 1)
('purchased', 1)
('remake.', 1)
('shadowy', 1)
('overpopulation', 1)
('centres', 1)
('assassins', 1)
('witnesses', 1)
('emotion', 1)
('mercy.', 1)
('show](https://youtu.be/01vgtx9xfh0)', 1)
('audiences', 1)
('‘utopia’', 1)
('melbourne-based', 1)
('non-cringey', 1)
('stared', 1)
('on?-', 1)
('torrent', 1)
('recommended', 1)
('cheap', 1)
('written.', 1)
('download', 1)
('app', 1)
('movies.', 1)
('(what', 1)
('on).', 1)
('square.', 1)
('inquest', 1)
('scenes', 1)
('funniest', 1)
('mini-series', 1)
('changi', 1)
('soldiers', 1)
('captured', 1)
('ww2', 1)
('singapore.', 1)
('remade', 1)
('sisters,', 1)
('confused', 1)
('america', 1)
('“almost', 1)
('family”', 1)
('norton!', 1)
('too...', 1)
('partner', 1)
('hooked.', 1)
('norton.', 1)
('twtwb,', 1)
('movies,', 1)
('rest.', 1)
('money...', 1)
('mexicana', 1)
('~~fiesta~~', 1)
('~~festina~~', 1)
('~~fest~~', 1)
('non', 1)
('spanish', 1)
('spell', 1)
('joint', 1)
('us/australian', 1)
('result.', 1)
('jim', 1)
('henson', 1)
('contribution,', 1)
('fantastic.', 1)
('(same', 1)
('team)', 1)
('>pizza/fat', 1)
('shift.', 1)
('(rip', 1)
('ian', 1)
('turpie)', 1)
('add', 1)
('soul', 1)
('bondi', 1)
('hipsters', 1)
('great!', 1)
('*salutes*', 1)
('sites.', 1)
('cunty.', 1)
("chaser's", 1)
('everything,', 1)
('dressed', 1)
('osama', 1)
('bin', 1)
('laden.', 1)
('license', 1)
('specific', 1)
('subset', 1)
('offer,', 1)
('expense', 1)
('curating', 1)
('stream', 1)
('outweigh', 1)
('gain', 1)
('regularly', 1)
('npr/pbs', 1)
('premier', 1)
('baggage', 1)
('yet,', 1)
('broadcaster,', 1)
('reforms', 1)
('editorial', 1)
('independence', 1)
('appointed', 1)
('top-level', 1)
('possible.', 1)
('mouth', 1)
('help?', 1)
('trailers', 1)
('“curiosity', 1)
('cul', 1)
('de', 1)
('sac”', 1)
('hell.', 1)
('over,', 1)
('scene.', 1)
('90s.', 1)
('zombie', 1)
('boggles', 1)
("she's", 1)
('hollywood', 1)
('movie...', 1)
('13', 1)
('horrified.', 1)
('excerpt', 1)
('uninterested.', 1)
('partake', 1)
('cannabis', 1)
('reasons,', 1)
('properly', 1)
('hollowen](https://en.wikipedia.org/wiki/the_hollowmen)', 1)
('(from', 1)
('makers', 1)
('utopia).', 1)
('watching.', 1)
('underbooby', 1)
('gallipoli', 1)
('overdub.', 1)
('mono', 1)
('5.1', 1)
('surround', 1)
('remastered.', 1)
('buccaneers', 1)
('salvagers.', 1)
('concept', 1)
('exclusivity.', 1)
('african.', 1)
('remake!', 1)
('“correct”', 1)
('dunno,', 1)
('portrays', 1)
('dub', 1)
('nominated', 1)
('emmy!', 1)
('parent', 1)
('powerlines', 1)
('coz', 1)
('reminded', 1)
("man's", 1)
('generate', 1)
('electricity.', 1)
('hating', 1)
('vince', 1)
('colosimo', 1)
('yahoo', 1)
('serious..', 1)
('aunt,', 1)
('teacher,', 1)
('schools', 1)
('space.', 1)
('home..ahem...work.', 1)
('friend', 1)
('swears', 1)
('writers', 1)
('mole', 1)
('realistic.', 1)
('bawling', 1)
('dialogue', 1)
('american/british', 1)
('terribly', 1)
('natural', 1)
('patterns', 1)
('whereas', 1)
('exposure', 1)
('british/american', 1)
('accents', 1)
('ways', 1)
('conditioned', 1)
('“natural”.', 1)
('geoblocked', 1)
('hg', 1)
('believe...', 1)
('fave', 1)
('reflective', 1)
('mullet.', 1)
('aged', 1)
('af.', 1)
('ride.', 1)
('flopped.', 1)
('lit', 1)
('flare', 1)
('dense', 1)
('bush.', 1)
('yummy', 1)
('mummies', 1)
('eating,', 1)
('stomach.', 1)
('wet', 1)
('rice', 1)
('ep', 1)
('most...', 1)
('shit!', 1)
('farkin', 1)
('thong', 1)
('tasmania.', 1)
('mystery.', 1)
('er', 1)
('\\+', 1)
('space', 1)
('(features', 1)
('hutchence', 1)
('inxs).', 1)
('cave', 1)
('gritty', 1)
('character..', 1)
('cave,', 1)
('him,', 1)
('checkout', 1)
("[''johnny", 1)
("suede''](https://www.nickcave.com/films/johnny-suede/)", 1)
('(not', 1)
('though).', 1)
('"fallen', 1)
('times"', 1)
('"current', 1)
('broadcaster', 1)
('concerns".', 1)
('"planet', 1)
('america"', 1)
('weekly', 1)
('summary', 1)
('chas', 1)
('licciardello', 1)
('chaser,', 1)
('(john', 1)
('barron).', 1)
('guests', 1)
('night.', 1)
('tourists', 1)
('band', 1)
('chords', 1)
('botany', 1)
('screaming', 1)
("jets'", 1)
("90's/2000's", 1)
("'triple", 1)
('j', 1)
('hottest', 1)
("100'", 1)
('albums.', 1)
('automatically', 1)
('"aw', 1)
('maw', 1)
('gawd,', 1)
('toula!"', 1)
('pops', 1)
('tv.', 1)
('hollowmen,', 1)
('produced,', 1)
('non-australians?', 1)
('comprehensive', 1)
('answer.', 1)
("mel's", 1)
('accent', 1)
('sail', 1)
('raging', 1)
('torrents.', 1)
('for.', 1)
('damn!', 1)
('aborigines.', 1)
('correction.', 1)
('experience.', 1)
('flyyyyingggg', 1)
('jokes', 1)
('mouths.', 1)
('british/us', 1)
('simon', 1)
('milch', 1)
('lame.', 1)
('sucks.', 1)
('tubi', 1)
('goes.', 1)
('googling', 1)
('mullet,', 1)
('colored', 1)
('guacamole', 1)
('mashed', 1)
('potatoes', 1)
('dyed', 1)
('green', 1)
('gentle', 1)
('indicator', 1)
('meal-safe,', 1)
('thank', 1)
('driving', 1)
('combine', 1)
('thonging', 1)
("bobo's", 1)
('chainsaw?', 1)
('anti-climatic', 1)
('crossover', 1)
('gothic.', 1)
('bloodlines', 1)
('worked.', 1)
('keys,', 1)
('keys', 1)
('yeh.', 1)
('forget..', 1)
('auction', 1)
('jerk', 1)
('off/cry', 1)
('(pick', 1)
('applicable)', 1)
('houses.', 1)
('angels.', 1)
('songs.', 1)
('1996', 1)
('campier.', 1)
('actors', 1)
('over-acting', 1)
('roles.', 1)
('option.', 1)
('exclusivity', 1)
('*period.*', 1)
('bluey.', 1)
('eh', 1)
('africans/australians', 1)
('correction,', 1)
('ends', 1)
('rake?', 1)
('*this*,', 1)
('rake"', 1)
('lifts', 1)
('swings', 1)
('black.', 1)
('seller!', 1)
('japan', 1)
('surprise.', 1)
('rebecca', 1)
('harrowing', 1)
('brilliantly', 1)
('up)', 1)
('imo,', 1)
('harrow', 1)
('too!', 1)
('albeit', 1)
('louisiana.', 1)
('florida...', 1)
('miami...', 1)
('😊', 1)
('bears.', 1)
('*shrimp*', 1)
('barbie', 1)
('episode?', 1)
('bang', 1)
('whiz', 1)
('hospital,', 1)
('defeats', 1)
('firstplace.', 1)
('lol..', 1)
('bubby..', 1)
('yanks', 1)
('gunna', 1)
('brain', 1)
('candy!', 1)
('childhood', 1)
('transit', 1)
('awful.', 1)
('cab', 1)
('drivers', 1)
('connect', 1)
('airport.', 1)
('monorail', 1)
('elsewhere', 1)
('useful', 1)
('tourists.', 1)
('cities', 1)
('car,', 1)
("your're", 1)
('stuck.', 1)
('is...', 1)
('infamous.', 1)
('assholes', 1)
('super-cars.', 1)
('driver.', 1)
('hours.', 1)
('go,', 1)
('dm', 1)
('huntsmen', 1)
('spiders', 1)
('aggressive', 1)
('pounce', 1)
('crocodiles', 1)
('smaller,', 1)
('humans', 1)
('salties', 1)
('apex', 1)
('predators,', 1)
('similarities', 1)
('deserts', 1)
('kangaroos.', 1)
('insects,', 1)
('snakes,', 1)
('spiders?', 1)
('infestations', 1)
('brazilian', 1)
('spiders.', 1)
('monitor', 1)
('lizards', 1)
('problem,', 1)
('cane', 1)
('toads.', 1)
('wildfires', 1)
('controlled', 1)
('burns.', 1)
('jackasses,', 1)
('prawns.', 1)
('shrimp.', 1)
('lovely', 1)
('keithy', 1)
('mischief!', 1)
('mark', 1)
('reid.', 1)
('"if', 1)
('poisons', 1)
('will"', 1)
('"it', 1)
('existence"', 1)
('"cat.', 1)
('cat.', 1)
('bubby', 1)
('cat."', 1)
('"you\'ve', 1)
('tits', 1)
('flo.', 1)
('whoppers', 1)
('wonders', 1)
('world."', 1)
('cooper', 1)
('pedy.', 1)
('edible', 1)
('italicized.', 1)
('referencing', 1)
('[awful', 1)
('~~outback', 1)
('steakhouse~~', 1)
('advertisement](https://en.wikipedia.org/wiki/shrimp_on_the_barbie).', 1)
('cling', 1)
('wrap', 1)
('killer', 1)
('suggestion', 1)
('https://i.imgur.com/uoutask.png', 1)
('huge.', 1)
('frying', 1)
('vegetables', 1)
('exception', 1)
('potatoes.', 1)
('audience.', 1)
('steakhouse', 1)
('1988', 1)
('americans.', 1)
('florida.', 1)
('july.', 1)
('unbelievably', 1)
('landmasses', 1)
('differences', 1)
('vegetable', 1)
('seen!', 1)
('and...', 1)
('been.', 1)
('traveling', 1)
('desperate', 1)
('overpriced', 1)
('kitschy.', 1)
('*one*', 1)
('restaurants,', 1)
('legit', 1)
('food.', 1)
('cubans,', 1)
('jamaicans,', 1)
('haitians,', 1)
('caribbean', 1)
('fake', 1)
('restaurant?', 1)
('laughed', 1)
('copper.', 1)
('fuckensmardguntz.', 1)
('outdo', 1)
('untruths,', 1)
('hubris', 1)
('scottie', 1)
('"william', 1)
('mcmahon', 1)
('became', 1)
('1971', 1)
('government’s', 1)
('stability"', 1)
('1971,', 1)
('badly', 1)
('weakened', 1)
('policy,', 1)
('productivity,', 1)
('cronyism', 1)
('union-bashing.', 1)
('quarter', 1)
('1970', 1)
('recorded', 1)
('fourth', 1)
('recession.', 1)
('*classic', 1)
('lnp*', 1)
('reality.', 1)
('tie', 1)
('laces?', 1)
('thailand...', 1)
('articulate', 1)
('supervision.', 1)
('liars.', 1)
('rally', 1)
('twit', 1)
('speaks?', 1)
('multi', 1)
('dollar', 1)
('saddened', 1)
('bowels', 1)
('satire.', 1)
('lies,', 1)
('vandalism.', 1)
('occurred', 1)
('election,', 1)
('mandate', 1)
('country?', 1)
('>it', 1)
('1979', 1)
('14.3%', 1)
('1980', 1)
('staggering', 1)
('19.3%', 1)
("have'.", 1)
('https://www.infochoice.com.au/rate-watch/history-of-interest-rate-movements/', 1)
('here:', 1)
('https://www.aph.gov.au/about_parliament/parliamentary_departments/parliamentary_library/pubs/bn/0708/homeloaninterestrates', 1)
('blatant', 1)
('independentaustralia.net,', 1)
('website,', 1)
('buried', 1)
('why.', 1)
('sub', 1)
('suit', 1)
('narrative.', 1)
('truth.', 1)
('lionel', 1)
('hutz', 1)
('***the', 1)
('truth***', 1)
('aussie,', 1)
('~~rich', 1)
('mates~~', 1)
('bloc,', 1)
('champagne', 1)
('breakfast', 1)
('dragged', 1)
('sewer', 1)
('whitlam?', 1)
('rudd', 1)
('gillard.', 1)
('hmm...it', 1)
('obviously.', 1)
('asserts', 1)
('agrees.', 1)
('un-tied-ness', 1)
('fault.', 1)
('untied.', 1)
('conglomerate.', 1)
('cheaper,', 1)
('efficiently', 1)
('immediate', 1)
('tier', 1)
('layoffs', 1)
('place,', 1)
('doubled.', 1)
('shoes', 1)
('photoshopped', 1)
('take.', 1)
('labors', 1)
('[dunning', 1)
('kruger](https://www.youtube.com/watch?v=wvvpdyyeaqu)', 1)
('chamber', 1)
('weirdo', 1)
('worships', 1)
('lobby,', 1)
('shat', 1)
('brainwashed', 1)
('cult?', 1)
('culpable', 1)
('disciples', 1)
('different?', 1)
('blaming', 1)
('responsibility', 1)
('begin?', 1)
('tread', 1)
('carefully,', 1)
('sideways.', 1)
('rba,', 1)
('weren’t', 1)
('1986.', 1)
('https://www.rba.gov.au/publications/bulletin/1991/oct/pdf/bu-1091-2.pdf', 1)
('truthiness', 1)
('tape', 1)
('eurasia,', 1)
('eastasia', 1)
('today,', 1)
('"six', 1)
('stability', 1)
('pm."', 1)
('pm,', 1)
('switching', 1)
('stability,', 1)
('ptsd', 1)
('engadine', 1)
("mcdonald's", 1)
('conference,', 1)
('shuffling', 1)
('awkwardly.', 1)
('prayer', 1)
('urges.', 1)
('investors.', 1)
('addressing', 1)
('mortgage', 1)
('rates.', 1)
('19%', 1)
('libs,', 1)
('mentions', 1)
("'recession", 1)
("have'", 1)
('cherry', 1)
('picks', 1)
('sided', 1)
('crap,', 1)
('unbiased', 1)
('roof', 1)
('foot.', 1)
("'red", 1)
("laces'", 1)
('meaning,', 1)
('heheh', 1)
('rats...', 1)
('1981.', 1)
('crazy', 1)
('correcting', 1)
('looked:', 1)
('http://www.fusioninvesting.com/tag/australian-variable-interest-rates/', 1)
('https://abcdiamond.com.au/mortgage-interest-rates-in-australia-oct-2009/', 1)
('https://www.propertyobserver.com.au/forward-planning/advice-and-hot-topics/35446-low-interest-rates-housing-affordability-first-home-buyers.html', 1)
('http://lewis.clientcommunity.com.au/1/2/118/10616.html?sub=21943', 1)
('https://www.loansense.com.au/historical-rates.html', 1)
('goverment', 1)
('peaked', 1)
('18%', 1)
('18.5%.', 1)
('genuine,', 1)
('bs,', 1)
('aph.gov.au?', 1)
('chucked', 1)
('solid', 1)
('decade,', 1)
('discussion,', 1)
('influenced', 1)
('upwards', 1)
('stumbled', 1)
('quokkaburra', 1)
('interaction.', 1)
('[best', 1)
('ever](https://imgur.com/ck2cztb).', 1)
('chubsters.', 1)
('hatched', 1)
('nest.', 1)
("'gimme", 1)
("sausage'", 1)
('goofy', 1)
('when’s', 1)
('album', 1)
('drop?', 1)
('tamborine', 1)
('mountain', 1)
('pie!', 1)
('"', 1)
('larry?"', 1)
('"yeh,', 1)
('gay', 1)
('*oi,', 1)
('champ,', 1)
('fucken', 1)
('borrow', 1)
('there?*', 1)
('taken!!', 1)
('pigeot', 1)
('fuckin', 1)
('snack', 1)
('balconyyy', 1)
('chickens', 1)
('famous', 1)
("1960's", 1)
('london', 1)
('gangsters,', 1)
('kray', 1)
('twins...', 1)
('kookaburras...', 1)
('"...can', 1)
('bong', 1)
('mate?"', 1)
('"oi', 1)
('jackass,', 1)
('way"', 1)
('"oy', 1)
('baz,', 1)
('outa', 1)
('blokes', 1)
('eats', 1)
('"you\'re', 1)
('on"', 1)
('gum', 1)
('tree', 1)
('pic', 1)
('depressed', 1)
('delibird', 1)
('grandpas.', 1)
('🤗', 1)
('vibes.', 1)
('theme', 1)
('song', 1)
('popped', 1)
('“howsit', 1)
('goin', 1)
('spare', 1)
('snag', 1)
('shazza?”', 1)
('son', 1)
('again"', 1)
('walked', 1)
('"g\'day', 1)
('going?"', 1)
('glance', 1)
('arm', 1)
('human.', 1)
('unsee', 1)
('adorbz!!!!!', 1)
('2nd', 1)
('af', 1)
('vermin', 1)
('native', 1)
('kingfisher', 1)
('kookaburras,', 1)
('hanging', 1)
('birds', 1)
('pigeons!', 1)
('smile', 1)
('‘sorry', 1)
('loud', 1)
('laughing?’', 1)
('dudes', 1)
('character.', 1)
('“what', 1)
('say?”', 1)
('picture.', 1)
('chance?', 1)
('hair', 1)
('hello', 1)
('lady,', 1)
('pam,', 1)
('pamn', 1)
('cobra,', 1)
('belongs', 1)
('r/absoluteunits', 1)
('“heyyyyyyy!”', 1)
('“hey!”', 1)
('cute', 1)
('birds.', 1)
('um', 1)
('giggle-chickens.', 1)
('ass', 1)
('chickens.', 1)
('chooks.', 1)
('birds？', 1)
('cockatoos?', 1)
('“you’re', 1)
('g’day?”', 1)
('hes', 1)
('salty', 1)
('repost', 1)
('yakka', 1)
('oath', 1)
('maaaaaaaaaaaate!', 1)
('dispute', 1)
('yee', 1)
('haw', 1)
('steak', 1)
('bbq.', 1)
('landed', 1)
('interrupted', 1)
('lunch', 1)
('wrestle', 1)
('/r/thingsaussiessay', 1)
('royalties', 1)
('owed,', 1)
('please.', 1)
('wondering.', 1)
('[https://upload.wikimedia.org/wikipedia/en/thumb/0/07/krays.jpg/220px-krays.jpg](https://upload.wikimedia.org/wikipedia/en/thumb/0/07/krays.jpg/220px-krays.jpg)', 1)
('doug', 1)
('dinsdale', 1)
('kookaburra.', 1)
('nasal', 1)
('twang', 1)
('north', 1)
('accent.', 1)
('reply', 1)
('kent', 1)
('brains', 1)
('haha,', 1)
('alternatively,', 1)
('https://en.wikipedia.org', 1)
('wiki', 1)
('pir...', 1)
('web', 1)
('piranha', 1)
('brothers', 1)
('wikipedia', 1)
('🤣', 1)
('registering', 1)
('insuring', 1)
('car', 1)
('year,', 1)
('retailers,', 1)
('stock', 1)
("shelve's", 1)
('festival.', 1)
('grinch', 1)
('stealing', 1)
('christmas.', 1)
("scumo's", 1)
('obsession?', 1)
("'surplus'", 1)
('conjunction', 1)
("'labor's", 1)
("debt'", 1)
('morrisons', 1)
('emperors', 1)
('clothes"', 1)
('clueless', 1)
('gets,', 1)
('continent', 1)
('phase', 1)
('share', 1)
('land...you', 1)
('wealth,', 1)
('2019.', 1)
('"top"', 1)
('economy...ridiculous.', 1)
('commentator', 1)
('rep', 1)
('pathetic', 1)
('usa', 1)
('republicans', 1)
('amd', 1)
('shameful', 1)
('meanwhile', 1)
('politicans', 1)
('patchetic', 1)
('atm.', 1)
('ladies', 1)
('gentlemen,', 1)
('""good""', 1)
('managers.', 1)
('forms', 1)
('loans,', 1)
('taxation', 1)
('removes', 1)
('replenishing', 1)
('***ignoring***', 1)
('copying', 1)
('usa:', 1)
('https://en.wikipedia.org/wiki/starve_the_beast', 1)
('imf', 1)
('reserve', 1)
('governor', 1)
('philip', 1)
('lowe’s', 1)
('“gentle', 1)
('point”,', 1)
('seemingly', 1)
('unsackable', 1)
('italian', 1)
('forecaster,', 1)
('scenario.', 1)
('minute,', 1)
('objectively', 1)
('(albanese', 1)
('party)', 1)
('noise', 1)
('or,', 1)
('polls.', 1)
('tests', 1)
('welfare', 1)
('recipients,', 1)
('blames', 1)
('immigrants,', 1)
('camps,', 1)
('demonises', 1)
('islam,', 1)
('denies', 1)
('change,', 1)
('pretends', 1)
('cure', 1)
('ills,', 1)
('exacerbating', 1)
('inequality,', 1)
('surf', 1)
('lapping', 1)
('ensure', 1)
('christmas', 1)
('gifts', 1)
('family.', 1)
('debts,', 1)
('"stimulus"', 1)
('july', 1)
('faster.', 1)
('"obsession"', 1)
('whoring', 1)
('poll', 1)
('intrest', 1)
('sucking', 1)
('cent', 1)
('reducing', 1)
('rents', 1)
('costs', 1)
('blow', 1)
('drought.', 1)
('fucked.', 1)
('spaghetti,', 1)
('mince', 1)
('dinner', 1)
('spaghetti', 1)
('bolognaise.', 1)
('why?', 1)
('healthy', 1)
('government!', 1)
('box', 1)
('cash.', 1)
('car.', 1)
('lease', 1)
('house.', 1)
('wayne', 1)
('swan', 1)
('"debt', 1)
('marginally', 1)
('akin', 1)
('plasma', 1)
('sheep', 1)
('fine,', 1)
('donors,', 1)
('leaders,', 1)
('independently', 1)
('wealthy.', 1)
('austerity.', 1)
('$43', 1)
('billion', 1)
('subsidies.', 1)
('murdoch/charities', 1)
('mining/banks', 1)
('cancel', 1)
('memorial.', 1)
('censored.', 1)
('reaping', 1)
('sow.', 1)
('"my', 1)
('won', 1)
('titles', 1)
('row', 1)
('so,"', 1)
('economist', 1)
('planet', 1)
('ignoring', 1)
('inciting', 1)
('reagan', 1)
('fuckton', 1)
('micallef', 1)
('once?', 1)
('two.', 1)
('efficiency', 1)
('dividends!', 1)
('_dependents_', 1)
('boxes', 1)
('_their_', 1)
('backscratcher.', 1)
('wealthy', 1)
('breaks.', 1)
('end.', 1)
('flight', 1)
('centre', 1)
('hang', 1)
('on,', 1)
('bank,', 1)
('better!', 1)
('dates', 1)
('mmmm', 1)
('franking', 1)
('credits.', 1)
('rebate', 1)
('turns', 1)
('unethical', 1)
('future?', 1)
('construction', 1)
('begin', 1)
('weapons,', 1)
('vehicles', 1)
('converting', 1)
('disagree,', 1)
('avoiding', 1)
('debt...', 1)
('"house"hold.', 1)
("'run", 1)
("household'", 1)
("ipa's", 1)
('eyes.', 1)
('[bae', 1)
('systems](https://www.abc.net.au/triplej/programs/hack/why-are-weapons-makers-sponsoring-the-national-war-memorial/9788666)', 1)
('[thales](https://www.theguardian.com/australia-news/2019/may/24/brendan-nelson-was-warned-of-potential-conflict-of-paid-role-with-thales).', 1)
('awm', 1)
('display', 1)
('galleries.', 1)
('https://en.wikipedia.org/wiki/g_for_george#/media/file:g_for_george_panorama02.jpg', 1)
('taint', 1)
('taste', 1)
('delicious', 1)
('pint.', 1)
('*cries', 1)
('beer*.', 1)
('nation', 1)
('enjoys', 1)
('brief', 1)
('respite', 1)
('blown', 1)
('denial,', 1)
('islamaphobia', 1)
('readership,', 1)
('fear,', 1)
('stuff.”', 1)
('“miranda’s', 1)
('spicy', 1)
('you,”', 1)
('laughed.', 1)
('stating', 1)
('fact?', 1)
('joke,', 1)
('on/steamroll/spread', 1)
('protesting', 1)
("'political", 1)
("satire'", 1)
('mean...', 1)
('slot', 1)
('"islamophobia"', 1)
('‘journalism’', 1)
('convenient', 1)
('reported', 1)
('jouno', 1)
('background', 1)
('pause', 1)
('shitness', 1)
('secondary', 1)
('overall', 1)
('overlook', 1)
('block', 1)
('traffic,', 1)
('disingenuous', 1)
('shifting', 1)
('posts.', 1)
('islamophobia.', 1)
('partial', 1)
('australian’s,', 1)
('nation’s', 1)
('fraser', 1)
('anning’s', 1)
('racism', 1)
('(specifically', 1)
('muslims)', 1)
('alive', 1)
('dog-whistling', 1)
('rhetoric', 1)
('election.', 1)
('*::whoosh::*', 1)
('to"', 1)
('cropped', 1)
('lady', 1)
("doctor's", 1)
('appointment', 1)
('something...', 1)
('sunrise', 1)
('mooloolaba', 1)
('beach,', 1)
('qld', 1)
('[deleted]', 1)
('mooloolaba.', 1)
('drive', 1)
('lucky', 1)
('beach...', 1)
('🌊', 1)
('gorgeous', 1)
('insta', 1)
('(@harley__field)', 1)
('coast!', 1)
('coffee', 1)
('moobah', 1)
('soo', 1)
('aye', 1)
('good?', 1)
('milk', 1)
('beans', 1)
('cafe', 1)
('alex', 1)
('accused', 1)
('nsws', 1)
('revolting.', 1)
('idealistic', 1)
('ashamed', 1)
('draconian', 1)
('liberties', 1)
('approach.', 1)
('referred', 1)
('muttly', 1)
('wear', 1)
('glasses', 1)
('commenting.', 1)
('breakdown', 1)
('chief', 1)
('inspector', 1)
('"cavities".', 1)
('>"\\[a', 1)
('station\\]', 1)
('drugs...young', 1)
('girlfriends', 1)
('it,"', 1)
('girl.', 1)
('>[a', 1)
('station]', 1)
('for...', 1)
('"edgy\'', 1)
('matter).', 1)
('imagined', 1)
('harm.', 1)
('hated.', 1)
('tells', 1)
('beat,', 1)
('uphold', 1)
('unjust', 1)
('are:', 1)
('state-sanctioned', 1)
('assaults.', 1)
('willy-nilly', 1)
('immediately.', 1)
('"reasonable', 1)
('suspicion"', 1)
('someone.', 1)
('cowboys', 1)
('roaming', 1)
('harassing', 1)
('about.', 1)
('relying', 1)
('disarm', 1)
('crazed', 1)
('crate.', 1)
('visiting', 1)
('tbh.', 1)
('police-state', 1)
('fucked,', 1)
('this????', 1)
('tent', 1)
('privates', 1)
('finger', 1)
('flashlight?', 1)
('defenders', 1)
('practices', 1)
('banned.', 1)
('was.', 1)
('apple', 1)
('anecdotal', 1)
('thousands', 1)
('ideologies', 1)
('domestic', 1)
('door,', 1)
('knocking', 1)
('workday,', 1)
('hours,', 1)
('minutes.', 1)
('legitimising', 1)
('grabbing', 1)
('fuck.', 1)
('treats', 1)
('contempt.', 1)
('necessary', 1)
('sanctioned', 1)
('condoned,', 1)
('activity,', 1)
('assualt', 1)
('overturning', 1)
('approaches', 1)
('crown', 1)
('declare', 1)
('basis', 1)
('somebody', 1)
('it...?)', 1)
('declared', 1)
('sickening.', 1)
('breached', 1)
('protocols', 1)
('sacked.', 1)
('louie', 1)
('theroux', 1)
('searching:', 1)
('1)', 1)
('2)', 1)
('removed', 1)
('3)', 1)
('~~squat', 1)
('cough~~', 1)
('circumstances.', 1)
('commonly', 1)
('drug-search', 1)
('settings', 1)
('"scaring', 1)
('drugs".', 1)
('coppa', 1)
('ftp', 1)
("'tough", 1)
("drugs'", 1)
('festival-goers?', 1)
('comprehensively', 1)
('cementing', 1)
('straya.', 1)
('endemic', 1)
('flavour', 1)
('everything.', 1)
('16-year', 1)
('disrobe', 1)
('self-evidently', 1)
('minimum,', 1)
('unpaid', 1)
('holiday.', 1)
('permanent', 1)
('fuckup.', 1)
('continue.', 1)
('names', 1)
('published.', 1)
('fester', 1)
('them😏', 1)
('offenders.', 1)
('n', 1)
('suspected', 1)
('orifices?', 1)
('bother?', 1)
('deserves', 1)
('*mild', 1)
('suspicion*', 1)
('strip/cavity', 1)
('mangy', 1)
('mutts', 1)
('(for', 1)
('ages', 1)
('desperate),', 1)
('(yes,', 1)
('snail', 1)
('mail)', 1)
('licensed', 1)
('premises.', 1)
('bar', 1)
('staff', 1)
('leave.', 1)
('hour.', 1)
('redditor', 1)
('desperate,', 1)
('deranged', 1)
('screeches', 1)
('300', 1)
('undies', 1)
('searched?', 1)
('shit,', 1)
('od', 1)
('writhe', 1)
('salmon', 1)
('dirt', 1)
('dying', 1)
('scattered', 1)
('shoulders', 1)
('victims', 1)
('aknowledge', 1)
('concessions', 1)
('these?', 1)
('realists', 1)
('[check', 1)
('ago:](https://www.abc.net.au/news/2011-12-12/accuracy-of-police-sniffer-dogs-called-into-question/3726228)', 1)
('>so', 1)
('carried', 1)
('14,102', 1)
('indicating', 1)
('presence', 1)
('drug.', 1)
('>of', 1)
('searches,', 1)
('illicit', 1)
('substances', 1)
('11,248', 1)
('>experts', 1)
('deterrent', 1)
('users,', 1)
('"ritually', 1)
('humiliated"', 1)
('[snigger', 1)
('dogs](https://imgur.com/gallery/l5gajh8)', 1)
('tent.', 1)
('suspects', 1)
('room', 1)
('officer.', 1)
('arse.', 1)
('impacts', 1)
('mimics.', 1)
('me....', 1)
('humiliated,"', 1)
('panty', 1)
('liner...she', 1)
('it."', 1)
('"she', 1)
('ground...i', 1)
('sniffoff', 1)
('facebook,', 1)
('shoebridge', 1)
('greens,', 1)
('events', 1)
('pamphlets', 1)
('appalling.', 1)
('eager', 1)
('demonise', 1)
('minimise', 1)
('testing', 1)
('aims.', 1)
('man?', 1)
('her??', 1)
('deductive', 1)
('reasoning', 1)
('brazil', 1)
('peru.', 1)
('barrier.', 1)
('blase', 1)
('regard', 1)
('look,', 1)
('whatever.', 1)
('wife?', 1)
("there'd", 1)
('drugs?', 1)
('bothering', 1)
('harass', 1)
('laughably,', 1)
('owed', 1)
('nonsense', 1)
('ever-growing', 1)
('establishment', 1)
('rowdy', 1)
('naughty', 1)
('bunch.', 1)
('protest,', 1)
('pinger', 1)
('pockets,', 1)
('brother.', 1)
('portion', 1)
('bold.', 1)
('defence.', 1)
('picked', 1)
('random?', 1)
('kong', 1)
('beating', 1)
('alarming', 1)
('brazil.', 1)
('laughable.', 1)
('\\*indecent', 1)
('go.', 1)
('pretences', 1)
('“sexual', 1)
('assault”,', 1)
('refer', 1)
('torture', 1)
('torture,', 1)
('“enhanced', 1)
('interrogation”,', 1)
('term-of-art', 1)
('move,', 1)
('ok?', 1)
('searched.', 1)
('terror.', 1)
('nsw.', 1)
('generalizing', 1)
('politicians.', 1)
('revolutionary', 1)
('testing.', 1)
('oblivious', 1)
('traumatising', 1)
('saved', 1)
('everyone?', 1)
('happens,', 1)
('(how', 1)
('deaths', 1)
('season?', 1)
('tougher', 1)
('searches)', 1)
('smuggle', 1)
('underwear,', 1)
('armed', 1)
('demanding', 1)
('illegal?', 1)
('dieing', 1)
('girls?', 1)
('avenues', 1)
('test', 1)
('wether', 1)
('dangerous?', 1)
('what.', 1)
('prohibition', 1)
('safety', 1)
('teenagers', 1)
('absurd.', 1)
('overdoses', 1)
('festivals', 1)
('swallows', 1)
('pills', 1)
('once,', 1)
('presence!', 1)
('woah!)', 1)
('should...', 1)
('assault?', 1)
('calculus.', 1)
('yikes', 1)
('2015', 1)
('called,', 1)
('lame', 1)
('insults', 1)
('signals', 1)
('falsly', 1)
('accuse', 1)
('you"', 1)
('past,', 1)
('claiming', 1)
('consumed', 1)
('dumped', 1)
('already.', 1)
('duck', 1)
('hunt', 1)
('walking', 1)
('street,', 1)
('uniform', 1)
('nearly', 1)
('sexual-assaulty.', 1)
('compensation', 1)
('blows', 1)
('courts,', 1)
('age.', 1)
('behaviour.', 1)
('ughh', 1)
('conduct.', 1)
('ding!!!', 1)
('winner', 1)
('folks!', 1)
('asap,', 1)
('frenzal1', 1)
('cracked', 1)
('case!', 1)
('acab,', 1)
('tool', 1)
('detain', 1)
('look/acted', 1)
('recourse', 1)
('cameras', 1)
('scrutiny', 1)
("'cops", 1)
("tops'", 1)
('tolerated.', 1)
('outreach', 1)
('easier,', 1)
('abused.', 1)
('cool,', 1)
('ones?', 1)
('mates,', 1)
('inherently', 1)
('belonging', 1)
('employs', 1)
('intend', 1)
('strip?', 1)
('spat', 1)
('fought', 1)
('ounce', 1)
('thing?!?!?!?', 1)
('travel', 1)
('freely', 1)
('*honestly*', 1)
('splenda', 1)
('guess.', 1)
('profiling', 1)
('50/50', 1)
('phrase.', 1)
('refuses', 1)
('stripped,', 1)
('clothes,', 1)
('manipulating', 1)
('(sexual', 1)
('assault)', 1)
('advised', 1)
('perv', 1)
('sixteen', 1)
('ritual', 1)
('rot', 1)
('everywhere', 1)
('biding', 1)
('"squat', 1)
('cough"', 1)
('"likely', 1)
('unlawful"', 1)
('person.', 1)
('treat', 1)
('focuses', 1)
('reaction.', 1)
('animals', 1)
('happy.', 1)
('smelt', 1)
('whats', 1)
('detecting', 1)
('(probably', 1)
('them),', 1)
('sensitive', 1)
('possession.', 1)
('https://www.abc.net.au/news/2018-12-03/dogs-ombudsman-custom/10570838', 1)
('ruin', 1)
('exercised', 1)
('instigate', 1)
('aggravating', 1)
('factor.', 1)
('context,', 1)
('actively', 1)
('encourage', 1)
('assaults', 1)
('pensioners', 1)
('clutching', 1)
('pearls.', 1)
('cheeks', 1)
('publicised.', 1)
('**big', 1)
('boi', 1)
('edit**:', 1)
('thankfully', 1)
('brief,', 1)
('po-po', 1)
('*do*', 1)
('corrected', 1)
('❤', 1)
('subject:', 1)
('[here', 1)
('plain-language', 1)
('explainer](http://www.fair-play.org.au/powers).', 1)
('[redfern', 1)
("centre's", 1)
('article](https://rlc.org.au/publication/strip-searches-and-law-nsw)', 1)
('highlights', 1)
('wording', 1)
('legislation:', 1)
('deliberately', 1)
('framed', 1)
('language:', 1)
('necessary,', 1)
('urgent.', 1)
('^(i', 1)
('four-fifths', 1)
('requiring', 1)
('because)', 1)
('*^(muh)*', 1)
('*^(tough', 1)
('crime)*', 1)
('^(so', 1)
('¯\\\\\\_(ツ)\\_/¯)', 1)
('[a', 1)
('article](http://theconversation.com/unlawful-strip-searches-are-on-the-rise-in-nsw-and-police-arent-being-held-accountable-121986)', 1)
('wherein', 1)
('authors', 1)
('consumption', 1)
('constitute', 1)
('"serious"', 1)
('"urgent"', 1)
('squat/cough', 1)
('definitively', 1)
('explicitly,', 1)
('failure', 1)
('maintain', 1)
('peelian', 1)
('principles', 1)
('maintenance', 1)
('line,', 1)
('protectionism,', 1)
('politicking,', 1)
('refusal', 1)
('state-enforcment', 1)
('tool,', 1)
('tool.', 1)
('bullied', 1)
('force,', 1)
('imagine.', 1)
('company,', 1)
("that'd", 1)
('association', 1)
('chime', 1)
('refuse.', 1)
('expend', 1)
('energy', 1)
('objections', 1)
('ranges', 1)
('fines,', 1)
('murder', 1)
('(if', 1)
('white).', 1)
('update:', 1)
('rando', 1)
('consent"', 1)
('recorded.', 1)
('implications', 1)
('presuming', 1)
('guilt.', 1)
('object', 1)
('next.', 1)
('https://rlc.org.au/publication/strip-searches-and-law-nsw', 1)
('unsure,', 1)
('(who', 1)
('advise).', 1)
('terrorist.', 1)
('absolutely,', 1)
('this...and', 1)
('travel.', 1)
('decide', 1)
('draw', 1)
('graduate', 1)
('pig', 1)
('music.', 1)
('slap.', 1)
('secreted,', 1)
('assaulted?', 1)
('‘conservative’,', 1)
('faux-christian', 1)
('intent', 1)
('raping', 1)
('overreacting,', 1)
('paramaters', 1)
('disinformation?', 1)
('treat/praise', 1)
('sort?', 1)
('abysmally', 1)
('failing.', 1)
('neighbour', 1)
('smokes', 1)
('weed', 1)
('scent', 1)
('rights.', 1)
("force's", 1)
('s33(4)', 1)
('(powers', 1)
('responsibilies)', 1)
('says:', 1)
('“a', 1)
('involve', 1)
('person’s', 1)
('cavities', 1)
('touch”', 1)
('strongly', 1)
('articles', 1)
('distinguishes', 1)
('knowing', 1)
('illegal,', 1)
('practitioner.', 1)
('nsw,', 1)
('applauds', 1)
('farce', 1)
('misinformation.', 1)
('unknowingly.', 1)
('accept."', 1)
('lieutenant', 1)
('lindsay', 1)
('ao', 1)
('apples', 1)
('rotten', 1)
('systemic', 1)
('problems.', 1)
('cop,', 1)
('arseholes.', 1)
('sympathise', 1)
('violence', 1)
('cops"', 1)
('proceeded', 1)
('grunts', 1)
('liked', 1)
('provoke', 1)
('fights', 1)
('bully', 1)
('brass', 1)
('covered', 1)
('occasional', 1)
('beating"', 1)
('wink', 1)
('nod.', 1)
('double', 1)
('detectives', 1)
('hung', 1)
('bikies', 1)
('bbqs.', 1)
('chose', 1)
('options', 1)
('misguided', 1)
('idealism', 1)
('maybe?', 1)
('desire', 1)
('undesirable', 1)
('ticket', 1)
('wanker', 1)
('resembles', 1)
('boss.', 1)
('obtuse.', 1)
('hardest', 1)
('interstate', 1)
('curl', 1)
('toes.', 1)
('police.', 1)
('culturally,', 1)
('behavior,', 1)
("society's.", 1)
('otoh', 1)
('randomly', 1)
('racist,', 1)
('bordering', 1)
('nazi', 1)
('aboriginals', 1)
('apes', 1)
('down...', 1)
('cause,', 1)
('unnecessarily', 1)
('patronizing', 1)
('obnoxious.', 1)
('edit-', 1)
('achieves', 1)
('joblessness.', 1)
('dude.', 1)
('"he', 1)
('aresholes."', 1)
('symapthising', 1)
('handling', 1)
('wife', 1)
('beaters', 1)
('blankly', 1)
('cops."', 1)
('tarnish', 1)
('knowingly', 1)
('filth', 1)
('rubbing', 1)
('ya.', 1)
('“good', 1)
('cops”?', 1)
('they?', 1)
('chucking', 1)
('spazz', 1)
('restrict', 1)
('powers.', 1)
('us:', 1)
('cops?', 1)
('resign', 1)
('leak', 1)
('details', 1)
('misconduct', 1)
('witness', 1)
('sniff', 1)
('success', 1)
('effective?', 1)
('25%?', 1)
('50%?', 1)
('75%?', 1)
('100%?', 1)
('unacceptable', 1)
('(sadly).', 1)
('manual', 1)
('sentence', 1)
(':p', 1)
('(which,', 1)
('breaking', 1)
('basis;', 1)
('edited', 1)
('comment).', 1)
('trashy', 1)
('truism,', 1)
("who've", 1)
('sacrificing', 1)
('vs.', 1)
('positively', 1)
('haha', 1)
('jfl.', 1)
('uhderpaid.', 1)
('hungry;', 1)
('**is**', 1)
('unnacceptable.', 1)
('arrest?', 1)
('circumstances".', 1)
('justifiable', 1)
('offense', 1)
('committed,', 1)
('authorise', 1)
('contested,', 1)
('anus', 1)
('argued', 1)
('courtroom.', 1)
('>that', 1)
('regular', 1)
('person,', 1)
('do,', 1)
('dumb.', 1)
('donating', 1)
('joining', 1)
('them)', 1)
('achieve.', 1)
('>we', 1)
('methods.', 1)
('disagree.', 1)
('plummets', 1)
('2009', 1)
('gfc.', 1)
('mid', 1)
('"ohhh', 1)
('sorry,', 1)
('time".', 1)
('8th', 1)
('9th', 1)
('dismissed', 1)
('receptionist', 1)
('(six', 1)
('years).', 1)
('replacement', 1)
('arrive', 1)
('soon,', 1)
('hr', 1)
('*“unable', 1)
('locally”*.', 1)
('locally', 1)
('offering,', 1)
('https://www.abc.net.au/news/2019-10-21/can-the-rba-talk-us-into-a-recovery/11621632', 1)
('quote:', 1)
('https://www.smh.com.au/politics/federal/joe-hockeys-advice-to-first-homebuyers--get-a-good-job-that-pays-good-money-20150609-ghjqyw.html', 1)
('#', 1)
('`there’s', 1)
('warfare', 1)
('won’', 1)
('warren', 1)
('2011', 1)
('trickling', 1)
('neo', 1)
('forcasts', 1)
('partly', 1)
('rise,', 1)
('sustainable', 1)
('law,', 1)
('profit.', 1)
('successive', 1)
('analysts', 1)
('row!', 1)
('(constantly)', 1)
('improve?', 1)
('whinging', 1)
('millenials', 1)
('be?', 1)
('dragging', 1)
('stifling', 1)
('(rba', 1)
('though!),', 1)
('devaluing', 1)
('labour.', 1)
('bump', 1)
('companies...', 1)
('survive', 1)
('50k', 1)
('comparison', 1)
('positions', 1)
('thoughts;', 1)
('reversion', 1)
('assumption,', 1)
('underestimating', 1)
('normal;', 1)
('question:', 1)
('correlation', 1)
('growth?', 1)
('sure!!', 1)
('to.....trickle', 1)
('maybe........yeah', 1)
('nah.', 1)
('scratching', 1)
('heads,', 1)
('deductions', 1)
('lodge', 1)
('return.', 1)
('(me', 1)
('included)', 1)
('jb', 1)
('hi', 1)
('fi.', 1)
('+', 1)
('ahh....', 1)
('displayed', 1)
('empire...', 1)
('drew', 1)
('wonky', 1)
('diagonal', 1)
('endlessly', 1)
('$800', 1)
('bills', 1)
("won't.", 1)
('tiny', 1)
('2014,', 1)
('forecasters', 1)
('"*whoa,', 1)
('expected', 1)
('on*"', 1)
('jump', 1)
('cliff', 1)
('wow,', 1)
('date.', 1)
('like?', 1)
('cited', 1)
('competence.', 1)
('blather', 1)
('shuts', 1)
('interviewers.', 1)
('knowledge', 1)
('award', 1)
('wage.', 1)
('bear', 1)
('forecasts.', 1)
('secret.', 1)
('relates', 1)
('revisions', 1)
('nairu;', 1)
('applying', 1)
('2009,', 1)
('nairu', 1)
('overestimated,', 1)
('ue', 1)
('4.5%', 1)
('improve.', 1)
('[https://www.rba.gov.au/speeches/2019/images/sp-ag-2019-06-12-graph05.gif](https://www.rba.gov.au/speeches/2019/images/sp-ag-2019-06-12-graph05.gif)', 1)
('(as', 1)
('problems).', 1)
('pull', 1)
('swamped', 1)
('hunts', 1)
('(yes', 1)
("**they're", 1)
('takin', 1)
('jerbs**', 1)
('southpark', 1)
('meme', 1)
('truth)', 1)
('height', 1)
('decreasing', 1)
('wait...people', 1)
('growth?!', 1)
('data,', 1)
('[2017', 1)
('accurate.](https://imgur.com/b3a1iol)', 1)
('macro', 1)
('economist:', 1)
('happened,', 1)
('swing.', 1)
('ubi', 1)
('time...', 1)
(">what's", 1)
('agreements-', 1)
('burgeoning', 1)
('"holden"', 1)
('(general', 1)
('motors),', 1)
('ford,', 1)
('mitsubishi', 1)
('located', 1)
('[within', 1)
('announcing', 1)
('shiny,', 1)
('brand-new', 1)
('automotive', 1)
('announced', 1)
('closing.', 1)
('leaving,', 1)
('advantage', 1)
("thailand's", 1)
('$2/day', 1)
('wages.](https://www.austrade.gov.au/australian/export/free-trade-agreements/tafta)', 1)
('austrade.gov', 1)
('return.](https://www.abc.net.au/news/2017-10-20/holden-closing-for-the-last-time-today/9061854)', 1)
('(australian', 1)
('broadcasting', 1)
('corp)', 1)
('[australians', 1)
('precipitously', 1)
('drop,', 1)
('promises', 1)
("'just", 1)
("corner!'", 1)
('taxed', 1)
("'progressive'", 1)
('rate,', 1)
('fewer', 1)
('scale,', 1)
('spend.', 1)
('former', 1)
('tax-positive', 1)
('tax-negative', 1)
('gone.](https://preview.redd.it/tgr16h49ust31.jpg?width=700&auto=webp&s=3484b75e00d451a3f9fe441c663224a11dea68fd)', 1)
('subreddit.', 1)
('agreements', 1)
('automobiles', 1)
('industry,', 1)
('tariff', 1)
('incoming', 1)
('goods', 1)
('materials.', 1)
('produce', 1)
('refine', 1)
('domestically.', 1)
('shifted', 1)
('$2/day.', 1)
('contest.', 1)
('shut.', 1)
('sudden', 1)
('"unexpected"', 1)
('reduction', 1)
('("liberal"', 1)
('"conservative,"', 1)
('relative', 1)
('greens),', 1)
('[cut', 1)
('kinds', 1)
('ordinary,', 1)
('formerly', 1)
('centrelink,](https://www.theguardian.com/australia-news/2019/may/16/coalition-plans-fresh-15bn-public-service-cuts-to-fund-election-promises)', 1)
('sponsoring', 1)
('education.', 1)
('institutions', 1)
('pupil', 1)
('income.](https://www.youtube.com/watch?v=sm6lwjc8kme)', 1)
('"deep', 1)
('news,"', 1)
('enticement', 1)
('loophole', 1)
('difficult', 1)
('immigrate', 1)
('into.', 1)
('(see', 1)
('details,', 1)
('45', 1)
('minutes', 1)
('long,', 1)
('attest', 1)
('granting', 1)
('exemptions', 1)
('ielts', 1)
('exams.)', 1)
('unsurprisingly,', 1)
('expanding', 1)
('[which', 1)
('end.](https://www.smh.com.au/business/workplace/7-eleven-operator-fined-335-000-in-wage-scandals-20190118-p50s81.html)', 1)
('practice', 1)
('commonplace,', 1)
('me.)', 1)
('accelerates', 1)
('downwards,', 1)
('reduced', 1)
('homes,', 1)
('aid.', 1)
('consequences', 1)
('well-funded', 1)
('equipped', 1)
('well-trained', 1)
('agreements,', 1)
('stupidly', 1)
('chosen', 1)
('bell-end', 1)
('whines', 1)
('amendment', 1)
('scumo', 1)
('bubble,', 1)
('enabling', 1)
('debt.', 1)
('managerss', 1)
('plummet', 1)
('tangential', 1)
('‘optimistic.’', 1)
('post-gfc.', 1)
('helped', 1)
('numbers', 1)
('comfy', 1)
('happend', 1)
('spill', 1)
('recovered', 1)
('era.', 1)
('enter', 1)
('onion', 1)
('eater!', 1)
('employee', 1)
('training', 1)
('kpi', 1)
('meet.', 1)
('acknowledged', 1)
('months"', 1)
('running.', 1)
('statement,', 1)
('months.', 1)
('description', 1)
('promoted', 1)
('pay.', 1)
('inflation.', 1)
('dismal', 1)
('science.', 1)
('delusion', 1)
('"previous"', 1)
('left.', 1)
('(cough)', 1)
('stablle', 1)
('losers', 1)
('bootstraps', 1)
('reach', 1)
("'em!", 1)
('salary.', 1)
('worries', 1)
('advertise', 1)
('salary,', 1)
('visas.', 1)
('lowers', 1)
('department?', 1)
('system.', 1)
('"skills', 1)
('shortage",', 1)
('offered.', 1)
('remedy', 1)
('more!', 1)
('in?', 1)
('p.s.', 1)
('babbling', 1)
('warrent', 1)
('lamenting', 1)
('won.', 1)
('victor.', 1)
('pissing', 1)
('words', 1)
('sage,', 1)
('neck', 1)
('raining".', 1)
('warm..', 1)
('infuriates', 1)
('employees', 1)
('can.', 1)
('always.', 1)
('raises', 1)
('following:', 1)
('(minimum', 1)
('example)', 1)
('severe', 1)
('case)', 1)
('(i.e.', 1)
('renegotiate', 1)
('together,', 1)
('rarely', 1)
('anymore)', 1)
('goodness', 1)
('hearts', 1)
('severely', 1)
('labour,', 1)
('unlimited', 1)
('toll.', 1)
('pessimistic', 1)
('self', 1)
('fulfilling', 1)
('assumptions', 1)
('a)', 1)
('economically', 1)
('b)', 1)
('required', 1)
('averages.', 1)
('theory', 1)
('incorrect.', 1)
('scaremonger', 1)
('‘budget', 1)
('emergency’', 1)
('opposition,', 1)
('overly', 1)
('mismeasure', 1)
('deliberately.', 1)
('ignores', 1)
('data', 1)
('science', 1)
('bungled', 1)
('census.', 1)
('route', 1)
('argentina', 1)
('took.', 1)
('fanciful', 1)
('skyrocketing', 1)
('commodity', 1)
('(namely', 1)
('iron)', 1)
('modelling', 1)
('longer-term', 1)
('models', 1)
('cyclical', 1)
('reverse', 1)
('(e.g', 1)
('wages).', 1)
('indicators', 1)
('(high', 1)
('figures', 1)
('productivity)', 1)
('profits', 1)
('https://tradingeconomics.com/australia/corporate-profits', 1)
('economics:', 1)
('http://informationtransfereconomics.blogspot.com/2016/02/thought-experiment.html', 1)
('equilibrium', 1)
('models.', 1)
('average.', 1)
('"normal".', 1)
('i.e.', 1)
('recessions', 1)
('interest/inflation/growth', 1)
('period.', 1)
('hesitant', 1)
('worker,', 1)
('27/7', 1)
('roster.', 1)
('penalties', 1)
('(last', 1)
('year)', 1)
('longer,', 1)
('ie', 1)
('increases.', 1)
('walks', 1)
('experience', 1)
('i,', 1)
('11', 1)
('experience,', 1)
('certificates', 1)
('wazoo.', 1)
('r/rage', 1)
('professions,', 1)
('[yes](https://grattan.edu.au/wp-content/uploads/2019/07/rba-wages-and-migrants-as-submitted-22-july.pdf).', 1)
('daresay', 1)
('true:', 1)
('migrants.', 1)
('young,', 1)
('qualified', 1)
('(tertiary', 1)
('educated)', 1)
('shortage,', 1)
('unlocking', 1)
('multipliers', 1)
('educated', 1)
('taxpayer', 1)
('cross', 1)
('existing', 1)
('retired.', 1)
('billions', 1)
('fees', 1)
('pathway.', 1)
('council', 1)
('rates...', 1)
('onions.', 1)
('citation', 1)
('needed.', 1)
('australia-thailand', 1)
('fta', 1)
('amused', 1)
('elimination', 1)
('tariffs', 1)
('40%', 1)
('excise', 1)
('australa.', 1)
('"free"', 1)
('agreements.', 1)
('solution?', 1)
('underwriting', 1)
('funds.', 1)
('investor', 1)
('overlords', 1)
('slowing', 1)
('monthly', 1)
('repayments.', 1)
('model.', 1)
('2008?', 1)
('regime', 1)
('inflated', 1)
('avoided', 1)
('downfall', 1)
('2008', 1)
('implemented', 1)
('investors', 1)
('earned', 1)
('construction,', 1)
('agents', 1)
('repaying', 1)
('flowing', 1)
('industries', 1)
('hence,', 1)
('suffers', 1)
('unaffordable', 1)
('accelerate', 1)
('early', 1)
('2000s', 1)
('shortly', 1)
('introduced', 1)
('50%', 1)
('concession,', 1)
('https://en.wikipedia.org/wiki/capital_gains_tax_in_australia#history', 1)
('https://edge.alluremedia.com.au/uploads/businessinsider/2018/03/grattan-house-prices-vs-wages.jpg', 1)
('process', 1)
('assess', 1)
('kpis', 1)
('fulfill', 1)
("hr's", 1)
('kpi.', 1)
('defacto', 1)
('region!"', 1)
('ridiculous.', 1)
('astrology', 1)
('maths.', 1)
('trust.', 1)
('duh!', 1)
('further...', 1)
('*further...*', 1)
('\\**unzips', 1)
('recession\\**', 1)
('neoliberals', 1)
('actual,', 1)
("propaganda's", 1)
('sake,', 1)
('negotiating', 1)
('sellers', 1)
('improves', 1)
('profits.', 1)
('"we\'ll', 1)
('deregulate', 1)
('forces', 1)
('efficient,', 1)
('with,', 1)
('quasi-price-controls', 1)
('ok".', 1)
('wonderful', 1)
('globalisation,', 1)
('permitted', 1)
('treasury', 1)
('estimate', 1)
('rba?', 1)
('problem...', 1)
('"they', 1)
('power".', 1)
('assumption', 1)
('monetary', 1)
('horizon.', 1)
('forgets', 1)
('worsening', 1)
('scale', 1)
('ratio?', 1)
('say:', 1)
('tourists/students', 1)
('casual', 1)
('thorough', 1)
('recording', 1)
('paid.', 1)
('payment.', 1)
('(about', 1)
('8%', 1)
('annum),', 1)
('living.', 1)
('chunk', 1)
('electricity', 1)
('indoor', 1)
('plumbing', 1)
('back,', 1)
('improving.', 1)
('hideous', 1)
('bubble.', 1)
('malinvested', 1)
('pop.', 1)
('haircut', 1)
('afterwards', 1)
('(whist', 1)
('propaganda),', 1)
('adjust', 1)
('leases', 1)
('(because', 1)
('properties', 1)
('leased', 1)
('70', 1)
('years)', 1)
('valuation.', 1)
('ours.', 1)
('use.', 1)
('command', 1)
('respects.', 1)
('rules', 1)
('tools.', 1)
('trouble', 1)
('bubbles', 1)
('definable', 1)
('end).', 1)
('rising', 1)
('rapidly', 1)
('(early', 1)
('2000s),', 1)
('preceding', 1)
('boom.', 1)
('deviated', 1)
('house-price-to-income', 1)
('ratio', 1)
('(around', 1)
('2012ish).', 1)
('exit', 1)
('(my', 1)
('away)', 1)
('regarding', 1)
('self-review', 1)
('feather', 1)
('hat.', 1)
('kept', 1)
('leaving', 1)
('management.', 1)
('slander', 1)
('maths', 1)
('astrology.', 1)
('true,', 1)
('importing', 1)
('maintaining', 1)
('suppresses', 1)
('conditions.', 1)
('*no*', 1)
('requirements', 1)
('scheme', 1)
('super?', 1)
('justification', 1)
('canada', 1)
('withdraw', 1)
('super,', 1)
('*has', 1)
('15', 1)
('years*.', 1)
('disastrous.', 1)
('gripe', 1)
('suppress', 1)
('worst.', 1)
('nurse', 1)
('250k', 1)
('patients', 1)
('5.', 1)
('caveat', 1)
('voluntary', 1)
('additional', 1)
('pre-tax', 1)
('contributions.', 1)
('benefit', 1)
('15%', 1)
('contributions', 1)
('reduces', 1)
('32.5%', 1)
('37%.', 1)
('quit.', 1)
('shia', 1)
('labeouf', 1)
('careers', 1)
('humanitarian', 1)
('tend', 1)
('amid', 1)
('deteriorating', 1)
('uncritical.', 1)
('deterioration.', 1)
('information,', 1)
('pits.', 1)
('unspoken', 1)
('investigate', 1)
('mistresses', 1)
('weaken.', 1)
('favouritism', 1)
('non-critical', 1)
('pieces,', 1)
('fundraisers,', 1)
('etc,', 1)
('really.', 1)
('96', 1)
('https://en.wikipedia.org/wiki/news_corp_australia', 1)
('interests.', 1)
('pikachu', 1)
('releases', 1)
('supportive', 1)
("'media'", 1)
('assange.', 1)
('games', 1)
('prizes...', 1)
('liberal/', 1)
('"left', 1)
('wing"', 1)
('groups.', 1)
('knuckles', 1)
('power...', 1)
('convicted', 1)
('paedophiles,', 1)
('gave', 1)
('oil', 1)
('guise', 1)
('protection,', 1)
('"that\'s', 1)
('wants."', 1)
('goddamned', 1)
('censor', 1)
('you...', 1)
('grilling', 1)
('opposition...', 1)
('serve', 1)
('sick.', 1)
('fund', 1)
('craps...', 1)
('forever,', 1)
('propaganda.', 1)
('‘independent’', 1)
('agenda??', 1)
('work??', 1)
('michaelwest.com', 1)
('environmentalists!', 1)
('convenience', 1)
('directly', 1)
('awoken', 1)
('realised', 1)
('>*"shit.', 1)
('umm', 1)
('user', 1)
('upto"*', 1)
('[you', 1)
('fired](https://giphy.com/gifs/donald-trump-hmy5vp7hxp5ba)', 1)
('“at', 1)
('uncritical”.', 1)
('wing,', 1)
('pages', 1)
('angry', 1)
('calls', 1)
('what?', 1)
('luck', 1)
('heavyweights', 1)
('cowed.', 1)
('crap', 1)
('luxury', 1)
('failings.', 1)
('uninterested...seems', 1)
('heterogeneous', 1)
('mark.', 1)
('lick', 1)
('embrace', 1)
('fascist', 1)
('dumbshit', 1)
('grudge', 1)
('lamestream', 1)
('tea', 1)
('originated', 1)
('from?', 1)
('unsupported', 1)
('alternative', 1)
('immune', 1)
('ring', 1)
('rubbish', 1)
('shitshow', 1)
('gone?', 1)
('newspaper,', 1)
('bulletin,', 1)
('voters', 1)
('raids.', 1)
('swm,', 1)
('abc?', 1)
('>only', 1)
('propaganda', 1)
('atm', 1)
('scotty', 1)
('hotty', 1)
('99%', 1)
('renewable', 1)
('farms.', 1)
('apn', 1)
('sourcing', 1)
('non-renewable', 1)
('suppliers', 1)
('asia', 1)
('being/have', 1)
('phased', 1)
('>a', 1)
('prominence', 1)
('story,', 1)
('lucky.', 1)
('dancing', 1)
("master's", 1)
('tune', 1)
("he'd", 1)
('sidoti,', 1)
('arthur', 1)
('sinodinos,', 1)
('craig', 1)
('baumann,', 1)
('andrew', 1)
('cornwell,', 1)
('mike', 1)
('gallacher,', 1)
('operation', 1)
('spicer', 1)
('>mike', 1)
('baird', 1)
('one-time', 1)
('adverse', 1)
('findings', 1)
('escape', 1)
('unpunished.', 1)
('naming', 1)
('shaming', 1)
('enough,', 1)
('undue', 1)
('barely', 1)
('insufficient.', 1)
('quantity', 1)
('as,', 1)
('say?', 1)
('progressive?', 1)
('actually...', 1)
('>because', 1)
('infinitely', 1)
('scare', 1)
('campaigns,', 1)
('eviscerate', 1)
("haven't,", 1)
('waivering', 1)
('support.', 1)
('crikey', 1)
('exist.', 1)
('leftist', 1)
('crikey,', 1)
('ia,', 1)
('saturday', 1)
('parroting', 1)
('jackdealltrades?', 1)
('diplomatic', 1)
('circles.', 1)
('uncommon', 1)
('cities.', 1)
('these...', 1)
('apologies', 1)
('images', 1)
('created.', 1)
('cheer', 1)
('offs', 1)
('abusing', 1)
('reasons"?', 1)
('rained', 1)
('union.', 1)
('uncontroversial', 1)
('afr', 1)
('west.', 1)
('freedom?', 1)
('expertise,', 1)
('sympathetic', 1)
('scandals', 1)
('investigation.', 1)
('principles.', 1)
('media...', 1)
('curse', 1)
('it...', 1)
('things...', 1)
('unchecked', 1)
('remain', 1)
('plutocracy', 1)
('way...', 1)
('good!', 1)
('anytime', 1)
('toe', 1)
('masters', 1)
('presently', 1)
('childish', 1)
('nonsense.', 1)
('sakes', 1)
('passed.', 1)
('wait.', 1)
('priorities.', 1)
('doctor.', 1)
('anonymous', 1)
('dating', 1)
('platform', 1)
('bob', 1)
('menzies', 1)
('suspenders', 1)
('mine', 1)
('>o', 1)
('oo', 1)
('speaker?', 1)
('couldnt', 1)
('hookers', 1)
('point?', 1)
('fob', 1)
('relevance', 1)
('interests?', 1)
('obvious.', 1)
('meanwhile,', 1)
('performing', 1)
('vital', 1)
('function', 1)
('courts', 1)
('undemocratic', 1)
('secrecy.', 1)
('ones.', 1)
('invalidate', 1)
('help,', 1)
('decency', 1)
('hinder.', 1)
('sympathetic.', 1)
('every.', 1)
('single.', 1)
('outlet.', 1)
('grudges', 1)
('irrelevant.', 1)
('affects', 1)
('jailed.', 1)
('investigations', 1)
('7.30s', 1)
('racing', 1)
('week?', 1)
('homes?', 1)
('alleged', 1)
('forces?', 1)
('paires?', 1)
('light', 1)
('oversight', 1)
('once.', 1)
('fuckheads', 1)
('threatens', 1)
('care/or', 1)
('others?', 1)
('sources.', 1)
('job...', 1)
('(still', 1)
('panama/paradise', 1)
('papers...', 1)
('breath)', 1)
('notice?', 1)
('weighing', 1)
('discredit', 1)
('ridiculing', 1)
('victim?', 1)
('reasons?', 1)
('decrees', 1)
('protection.', 1)
('protections', 1)
('participants', 1)
('profiteering.', 1)
('gripes?', 1)
('/r/australia', 1)
('dutton?', 1)
('yea.', 1)
('argument.', 1)
('themselves...', 1)
('smeared', 1)
('discrediting', 1)
('liberals...', 1)
('mess?', 1)
('sources...', 1)
('late.', 1)
('wait...', 1)
('reeks', 1)
('"leopards', 1)
('face"', 1)
('documents', 1)
('given.', 1)
('censored...', 1)
('potato', 1)
('dutton...', 1)
('minor...', 1)
('gripes...', 1)
('msms', 1)
('manipulation', 1)
('disinformation', 1)
('campaigns...', 1)
('swm', 1)
('firms', 1)
('naive', 1)
('tolerate', 1)
('dirty', 1)
('kicking', 1)
('people?', 1)
('nose?', 1)
('knuckledragging', 1)
('flawed', 1)
('irrevocably', 1)
('kowtows', 1)
('pain', 1)
('fascism', 1)
('controlling', 1)
('telegraph.', 1)
('want?', 1)
('rags?', 1)
('victims...', 1)
('post.', 1)
('source?', 1)
('blackout?', 1)
('https://www.abc.net.au/', 1)
('mutually', 1)
('exclusive...', 1)
('tyvm.', 1)
('emotional', 1)
('posts', 1)
('heirs', 1)
('campaign,', 1)
('https://www.theguardian.com/australia-news/2019/jun/06/afp-signals-journalists-could-face-charges-for-publishing-secrets', 1)
('justice', 1)
('here?', 1)
('stomped', 1)
('relevant', 1)
('issue?', 1)
('www.abc.net.au/news', 1)
('https://www.sbs.com.au/news/why-australia-s-media-front-pages-were-blacked-out-today', 1)
("abc's", 1)
('managing', 1)
('anderson', 1)
('democracy".', 1)
('"no', 1)
('interest,"', 1)
('entirely', 1)
('government-funded,', 1)
('projecting', 1)
('morally', 1)
('view?', 1)
('insulting', 1)
('1000', 1)
('ignore.', 1)
("msm's", 1)
('doing...', 1)
('occurring', 1)
('blame.', 1)
('like...', 1)
('blame...', 1)
('ice', 1)
('(crikey', 1)
('journo', 1)
('alot),', 1)
('else,', 1)
('tower', 1)
('latte', 1)
('sippers', 1)
('"journalists"', 1)
('thrown', 1)
('say.', 1)
('pal.', 1)
('payroll', 1)
('benefit.', 1)
('stopping', 1)
('ordering', 1)
('properly.', 1)
('waters.', 1)
('anti-democratic', 1)
('pseudo-intellectual', 1)
('guys.', 1)
('sympathy.', 1)
('converge', 1)
('ours', 1)
('holier', 1)
('thou', 1)
('justified.', 1)
('afterwards,', 1)
('weigh', 1)
('waters', 1)
('sorry...', 1)
('scared...', 1)
('condone', 1)
('days?', 1)
('tired', 1)
('wont', 1)
('listen.', 1)
('intimidate', 1)
('country;', 1)
('corporate,', 1)
('amateur?', 1)
('ditto.', 1)
('dude', 1)
('demonstrating', 1)
('spoon', 1)
('fed', 1)
('long.', 1)
('staggered', 1)
('recap:', 1)
('media:', 1)
('breadth', 1)
('reddit:', 1)
('cares?', 1)
('klutzes', 1)
('companies,', 1)
('pet', 1)
('*even', 1)
('vulnerable*.', 1)
('reckons', 1)
('rough', 1)
('your,', 1)
('position,', 1)
('idiotic', 1)
('noting', 1)
('simpleton', 1)
('distractions', 1)
('neither', 1)
('“who', 1)
('cares”', 1)
('quote', 1)
('secondly', 1)
('stated,', 1)
('rallying', 1)
('past.', 1)
('klutzes?', 1)
('90?', 1)
('rupert?', 1)
('but..."', 1)
('roll.', 1)
('but...a', 1)
('forward.', 1)
('parole', 1)
('payroll.', 1)
('crumbling', 1)
('extents', 1)
('rubbish.', 1)
('“it’s', 1)
('think?', 1)
('msm,', 1)
('sanction', 1)
('changing', 1)
('governments,', 1)
('corrupt.', 1)
('elites', 1)
('journalists”,', 1)
('risk?', 1)
('targeted.', 1)
('idiotic.', 1)
('bathwater.', 1)
("'humiliated'", 1)
('errant', 1)
('grass,', 1)
('berejiklian', 1)
('appear', 1)
('tough', 1)
('dinosaurs.', 1)
('trusting', 1)
('again?', 1)
('lawyers.', 1)
('humiliating', 1)
('lift', 1)
('pant-liner', 1)
('inspect.', 1)
('>"she', 1)
('ground.', 1)
('said:', 1)
('"ok', 1)
('dressed."', 1)
('police,"', 1)
('"we', 1)
('assault"', 1)
('tents.', 1)
('"legal"', 1)
('horrendously', 1)
('detection', 1)
('mutt?', 1)
('sit?', 1)
('abominable.', 1)
('>she', 1)
('parent,', 1)
('strip-searched.', 1)
('10yo', 1)
('audience?', 1)
('die', 1)
('overdoses,', 1)
("want's", 1)
('raped', 1)
('first.', 1)
('assaulted.', 1)
('subjected', 1)
('nswpol', 1)
('cadre', 1)
("'errant'.", 1)
('daughter', 1)
('fingered', 1)
('pedo', 1)
('t', 1)
('behaviour?', 1)
('outrages.', 1)
('treating', 1)
('christian', 1)
('jesus-like.', 1)
('far-right', 1)
('hears', 1)
('ya,', 1)
('scumbag', 1)
('6\'7"', 1)
('boxer', 1)
('rapey', 1)
('explained.', 1)
('fault?', 1)
('expose', 1)
('phsyically', 1)
('herself.', 1)
('ok=/=', 1)
('smoking', 1)
('pot', 1)
('teenager.', 1)
('9.', 1)
('lepra', 1)
('prohibits', 1)
('s34.', 1)
('>trying', 1)
('nobody', 1)
('"trying', 1)
('pot"', 1)
('insinuation', 1)
('mmm', 1)
('woot!', 1)
('probably.', 1)
('chamber.', 1)
('women,', 1)
('20s.', 1)
("who'd", 1)
('happened?', 1)
('nude', 1)
('genitals', 1)
('inarguably', 1)
('arguably', 1)
('rape.', 1)
('might,', 1)
('hearing...', 1)
('squat,', 1)
('buttocks,', 1)
('positioned', 1)
('anus.', 1)
('expecting,', 1)
('logical', 1)
('step"', 1)
('courtroom', 1)
('please,', 1)
('a...', 1)
('uhhh...', 1)
('loose', 1)
('bowel', 1)
('embarrassment,', 1)
('i...', 1)
('evacuated', 1)
('bowels,', 1)
('thereby', 1)
('splashing', 1)
('stool,', 1)
('bear."', 1)
('crust', 1)
('punk', 1)
('pinching', 1)
('fresh', 1)
('loaf', 1)
('selected', 1)
('beg', 1)
('plead', 1)
('toilet,', 1)
('deny.', 1)
('happen?', 1)
('cover!', 1)
('parrot', 1)
('corps', 1)
('financial', 1)
('concentrated', 1)
('wannabe', 1)
('rat', 1)
('fucker.', 1)
('crossed', 1)
('refreshing', 1)
('overtly', 1)
('draw.', 1)
('>"when', 1)
('question.', 1)
('servile', 1)
('editor', 1)
('relishes', 1)
("'gatekeeper'", 1)
('u', 1)
('hahah.', 1)
('chirnside', 1)
('centre!', 1)
('floor', 1)
('shittier', 1)
('management', 1)
('anywhere!', 1)
('(was', 1)
('dick', 1)
('murray', 1)
('newsagent)', 1)
('obscuring', 1)
('truths', 1)
('misleading', 1)
('wigless', 1)
('statue', 1)
('laughing.', 1)
('dove', 1)
('lake,', 1)
('tasmania', 1)
('binnalong', 1)
('bay.', 1)
('resolution?', 1)
('photograph.', 1)
('tropics.', 1)
('icky.', 1)
('leap', 1)
('coalition:', 1)
('"clearly,', 1)
('longer."', 1)
('unsurprising', 1)
('casualization', 1)
('student', 1)
('intake.', 1)
('cohort', 1)
('long-term', 1)
('recipients', 1)
('denied', 1)
('higher-paying', 1)
('disabled', 1)
('parents,', 1)
('unemployed,', 1)
('campaigners', 1)
('health', 1)
('increased', 1)
('stats,', 1)
('disability', 1)
("gon'", 1)
('bludge', 1)
('sadly,', 1)
('ffs.', 1)
('head.', 1)
('art', 1)
('trolling', 1)
('trolled.', 1)
('bait', 1)
('1/10', 1)
("'art'", 1)
('days,', 1)
('sadly.', 1)
('backs', 1)
('projects', 1)
('757', 1)
('leadings', 1)
('stretch', 1)
('believe.', 1)
('consulting', 1)
('jumping', 1)
('notch', 1)
('engineer', 1)
('choose,', 1)
('hats', 1)
('mouths', 1)
('aww', 1)
('o', 1)
('shittily', 1)
('fuelled', 1)
('projects......', 1)
('encounter,', 1)
('concerns', 1)
('solution.”', 1)
('finish', 1)
('electrical', 1)
('engineering', 1)
('interface', 1)
('solar.', 1)
('efficient', 1)
('dc-dc', 1)
('battery', 1)
('storage,', 1)
('ac<->dc', 1)
('interfacing', 1)
('infrastructure', 1)
('academia', 1)
('(eg,', 1)
('vested', 1)
('solutions', 1)
('is..', 1)
('forever...', 1)
('morrison,', 1)
('bench,', 1)
('murder.', 1)
('also.', 1)
('eyeballs', 1)
('advertisers.', 1)
('sweep', 1)
('wholesale', 1)
('fronts', 1)
('statement.', 1)
('republished', 1)
('1984', 1)
('issued', 1)
('"redacted"', 1)
('novel', 1)
('threads', 1)
('“to', 1)
('parties,', 1)
('again”.', 1)
('overnight.', 1)
('battle', 1)
('reason,', 1)
('gruelling', 1)
('alter', 1)
('outlets..', 1)
('exposed', 1)
('formats.', 1)
('woah...', 1)
('wiser', 1)
('therefore', 1)
('suited', 1)
('ones...', 1)
('advancing', 1)
('speed', 1)
('comfortable', 1)
('with.', 1)
('🤷🏽\u200d♂️', 1)
('ps', 1)
('offended,', 1)
('flow', 1)
('wiser.', 1)
('opportunities', 1)
("another's", 1)
('stupid.', 1)
('smart', 1)
('wise', 1)
('grow', 1)
('age,', 1)
('respectively', 1)
('papua', 1)
('guinea', 1)
('descent.', 1)
('appropriately', 1)
('obtained', 1)
('purported', 1)
('cancellation', 1)
('grounds.', 1)
('>in', 1)
('2018,', 1)
('detention,', 1)
('emerged', 1)
('march', 1)
('1986,', 1)
('border', 1)
('previously', 1)
('appropriate', 1)
('inquiries.', 1)
('>both', 1)
('incarcerated', 1)
('prisons.', 1)
('>they', 1)
('citizens,', 1)
('ignored', 1)
('examining', 1)
('cases.', 1)
('>"no', 1)
('consistent', 1)
('attempts', 1)
('resolve', 1)
('inconsistencies', 1)
('escalate', 1)
('matter,"', 1)
('incompetent', 1)
('minister.', 1)
('optics.', 1)
('homelands', 1)
('apologised', 1)
('terror', 1)
('lawfully', 1)
('indefinitely', 1)
('entitled', 1)
('payout', 1)
('imprisonment.', 1)
('listens', 1)
('cancelling', 1)
('reject', 1)
('application', 1)
('you’d', 1)
('bothered', 1)
('records...', 1)
('cries', 1)
('australian!”', 1)
('fell', 1)
('ears.', 1)
('beer', 1)
('familiar.', 1)
('waved', 1)
('senile', 1)
('travelled', 1)
('land.', 1)
('lose', 1)
('all?', 1)
('ive', 1)
('bag', 1)
('updoot', 1)
('rollingstone.', 1)
(':-)', 1)
('arrange', 1)
('shape', 1)
('tho..!', 1)
('travelling,', 1)
('eta', 1)
('albany', 1)
('one!', 1)
('woo.', 1)
('shipped', 1)
('lap.', 1)
('correlate', 1)
('town,', 1)
('anzac', 1)
('lights', 1)
('dutton’s', 1)
('confirms', 1)
('senate', 1)
('contract', 1)
('$109,239,312.', 1)
('$18,206,552', 1)
('shack', 1)
('kangaroo', 1)
('island...', 1)
('ramp', 1)
('boys.', 1)
('paladin.', 1)
('february', 1)
('28th,', 1)
('2018', 1)
('31st,', 1)
('2019', 1)
('$443,029,508.', 1)
('sketchy', 1)
('contracts?', 1)
('taxpayers.', 1)
('worldwide.', 1)
('group"', 1)
('mercenary', 1)
('outfit', 1)
('third-rate', 1)
('thriller.', 1)
('sigh...', 1)
('keneally', 1)
('exchange](https://i.imgur.com/nmqugir.png)', 1)
('twitter', 1)
('thread.', 1)
('poors,', 1)
('invest', 1)
('shacks', 1)
('bumfuck', 1)
('nowhere.', 1)
('derryn', 1)
('hinch', 1)
('schooled', 1)
('math,', 1)
('well:', 1)
('https://twitter.com/humanheadline/status/1186204472382390272', 1)
('honestly,', 1)
('dodgy', 1)
('parliament', 1)
('department,', 1)
('there’d', 1)
('incompetence', 1)
('*not*', 1)
('100s', 1)
('1,000,000s', 1)
('lurk.', 1)
('https://pbs.twimg.com/media/dzlewwzuuaa1eaz?format=jpg&name=medium', 1)
('bludgers.', 1)
('audited,', 1)
('embezzle', 1)
('track', 1)
('divested', 1)
("llc's", 1)
('haven', 1)
('privatsation', 1)
('donations', 1)
('"consulting"', 1)
('https://en.wikipedia.org/wiki/paladin_group_(fascist_organization)', 1)
('see.', 1)
('flip', 1)
('lesson', 1)
('tact', 1)
('messaging.', 1)
('picking', 1)
('we’ve', 1)
('prattling', 1)
('effective,', 1)
('messaging', 1)
('spectacularly', 1)
('offering', 1)
('fodder', 1)
('phon.', 1)
('"i\'m', 1)
('issues"', 1)
('malcolm', 1)
('slavery', 1)
('exploitation', 1)
('#estimates,', 1)
('asks', 1)
('arrivals,', 1)
('exhausted', 1)
('ropes', 1)
('immediately:', 1)
('"no."', 1)
('https://twitter.com/heldavidson/status/1186189558947299328', 1)
('>keneally', 1)
('responded', 1)
('ability",', 1)
('linkedin', 1)
('profile', 1)
('hmm.', 1)
('[https://en.wikipedia.org/wiki/paladin](https://en.wikipedia.org/wiki/paladin)', 1)
('"saracens"', 1)
('indeed.', 1)
('takes.', 1)
('option?', 1)
('pass,', 1)
('punished', 1)
('exists', 1)
('erin', 1)
('brockovich', 1)
('alarm', 1)
('sites', 1)
('revealed', 1)
('registered', 1)
('bore', 1)
('townsville', 1)
('tested', 1)
('blank', 1)
('chaser.', 1)
('questing', 1)
('senator', 1)
('mckim,', 1)
('refugees', 1)
('offshore', 1)
('detention.', 1)
('empathy', 1)
('homeless', 1)
('charitable', 1)
('towns', 1)
('locking', 1)
('family,', 1)
('why,', 1)
('plane.', 1)
('populous', 1)
('absurb', 1)
('jones,', 1)
('drumming', 1)
('racist', 1)
('backwater', 1)
('faces!', 1)
('>and', 1)
('today?', 1)
